11-12 02:12:50.751  2348  2348 I CAM_PhotoModule: supported wb = INCANDESCENT
11-12 02:12:50.751  2348  2348 I CAM_PhotoModule: supported wb = AUTO
11-12 02:12:50.751  2348  2348 I CAM_PhotoModule: supported wb = DAYLIGHT
11-12 02:12:50.752  2348  2348 I CAM_PhotoModule: supportedScenModes size = 2
11-12 02:12:50.752  2348  2348 I CAM_PhotoModule: supported scene = AUTO
11-12 02:12:50.752  2348  2348 I CAM_PhotoModule: supported scene = NIGHT
11-12 02:12:50.752  2348  2348 I CAM_PhotoModule: support coloreffect = none
11-12 02:12:50.752  2348  2348 I CAM_PhotoModule: support coloreffect = mono
11-12 02:12:50.753  2348  2348 I CAM_PhotoModule: support coloreffect = negative
11-12 02:12:50.753  2348  2348 I CAM_PhotoModule: support coloreffect = sepia
11-12 02:12:50.753  2348  2348 I CAM_PhotoModule: support coloreffect = posterize
11-12 02:12:50.753  2348  2348 I CAM_PhotoModule: support coloreffect = aqua
11-12 02:12:50.760   191  2398 D CameraHal: cameraConfig(781): set whitebalance
11-12 02:12:50.760   191  2398 D CameraHal: cameraConfig(816): set color effect
11-12 02:12:50.760   191  2398 D CameraHal: cameraConfig(843): set scene
11-12 02:12:50.760   191  2398 D CameraHal: cameraConfig(868): set anti banding
11-12 02:12:50.760   191  2398 E CameraHal: cameraConfig(888): cameraConfig(888): Set antibanding(auto) failed
11-12 02:12:50.760   191  2398 D CameraHal: cameraConfig(895): set white balance lock
11-12 02:12:50.760   191  2398 D CameraHal: cameraConfig(920): set exposurelock 
11-12 02:12:50.760   191  2398 D CameraHal: cameraConfig(945): set focus 
11-12 02:12:50.760   191  2398 D CameraHal: cameraConfig(967): set flash 
11-12 02:12:50.760   191  2398 D CameraHal: cameraConfig(1000): set exposure 
11-12 02:12:50.760   191  2398 D CameraHal: cameraConfig(1019): config out 
11-12 02:12:50.760   191  2398 D CameraHal: isNeedToRestartPreview(161): mPreviewFrame2AppW (864x480)
11-12 02:12:50.760   191  2398 D CameraHal: isNeedToRestartPreview(162): mCamPreviewW (0x0)
11-12 02:12:50.760   191  2398 D CameraHal: isNeedToRestartPreview(163): video width (864x480)
11-12 02:12:50.765  2348  2348 I CAM_PhotoModule: sceneSetCallback
11-12 02:12:50.765  2348  2348 I CAM_PhotoModule: setSceneMode = auto
11-12 02:12:50.767  2348  2348 I CAM_PhotoModule: updateParametersSceneMode mSceneMode = AUTO,flashmode = NO_FLASH
11-12 02:12:50.768  2348  2348 V CAM_FocusOverlayMgr: stored focus setting for camera: continuous-picture
11-12 02:12:50.768  2348  2348 V CAM_FocusOverlayMgr: focus mode resolved from setting: CONTINUOUS_PICTURE
11-12 02:12:50.768  2348  2348 V CAM_FocusOverlayMgr: no supported focus mode, falling back to current: FIXED
11-12 02:12:50.771  2348  2348 W CAM_IndicatorIconCtrlr: Trying to sync a pano indicator that is not initialized.
11-12 02:12:50.773  2348  2348 I CAM_CameraActivity: camera sound = true
11-12 02:12:50.780  2348  2371 I MediaCodec: callingProcessName:com.android.camera2
11-12 02:12:50.786   199   199 I MediaPlayerService: MediaPlayerService::getOMX
11-12 02:12:50.787  2348  2400 I OMXClient: MuxOMX ctor
11-12 02:12:50.787   191  2398 D CameraHal: cameraConfig(781): set whitebalance
11-12 02:12:50.787   191  2398 D CameraHal: cameraConfig(816): set color effect
11-12 02:12:50.787  2348  2400 I ACodec  : onAllocateComponent:6703 mSoftCodecPref:0 componentName:
11-12 02:12:50.787   191  2398 D CameraHal: cameraConfig(843): set scene
11-12 02:12:50.787   191  2398 D CameraHal: cameraConfig(868): set anti banding
11-12 02:12:50.787   191  2398 D CameraHal: cameraConfig(895): set white balance lock
11-12 02:12:50.787   191  2398 D CameraHal: cameraConfig(920): set exposurelock 
11-12 02:12:50.787   191  2398 D CameraHal: cameraConfig(945): set focus 
11-12 02:12:50.787   191  2398 D CameraHal: cameraConfig(967): set flash 
11-12 02:12:50.787   191  2398 D CameraHal: cameraConfig(1000): set exposure 
11-12 02:12:50.787   191  2398 D CameraHal: cameraConfig(1019): config out 
11-12 02:12:50.787   191  2398 D CameraHal: isNeedToRestartPreview(161): mPreviewFrame2AppW (864x480)
11-12 02:12:50.787   191  2398 D CameraHal: isNeedToRestartPreview(162): mCamPreviewW (0x0)
11-12 02:12:50.787   191  2398 D CameraHal: isNeedToRestartPreview(163): video width (864x480)
11-12 02:12:50.790  2348  2400 I ACodec  : onAllocateComponent:6734 mSoftCodecPref:0 componentName:OMX.google.vorbis.decoder
11-12 02:12:50.796   195   778 I OMXMaster: makeComponentInstance(OMX.google.vorbis.decoder) in mediacodec process
11-12 02:12:50.797   191  2398 D CameraHal: cameraConfig(781): set whitebalance
11-12 02:12:50.797   191  2398 D CameraHal: cameraConfig(816): set color effect
11-12 02:12:50.797   191  2398 D CameraHal: cameraConfig(843): set scene
11-12 02:12:50.797   191  2398 D CameraHal: cameraConfig(868): set anti banding
11-12 02:12:50.797   191  2398 D CameraHal: cameraConfig(895): set white balance lock
11-12 02:12:50.797   191  2398 D CameraHal: cameraConfig(920): set exposurelock 
11-12 02:12:50.797   191  2398 D CameraHal: cameraConfig(945): set focus 
11-12 02:12:50.797   191  2398 D CameraHal: cameraConfig(967): set flash 
11-12 02:12:50.797   191  2398 D CameraHal: cameraConfig(1000): set exposure 
11-12 02:12:50.797   191  2398 D CameraHal: cameraConfig(1019): config out 
11-12 02:12:50.797   191  2398 D CameraHal: isNeedToRestartPreview(161): mPreviewFrame2AppW (864x480)
11-12 02:12:50.797   191  2398 D CameraHal: isNeedToRestartPreview(162): mCamPreviewW (0x0)
11-12 02:12:50.797   191  2398 D CameraHal: isNeedToRestartPreview(163): video width (864x480)
11-12 02:12:50.808   191  2398 D CameraHal: commandThread(1011): commandThread(1011):receive CMD_SET_PREVIEW_WINDOW
11-12 02:12:50.808   191  2398 D CameraHal: commandThread(1027): commandThread(1027): CMD_SET_PREVIEW_WINDOW out
11-12 02:12:50.809   191  2398 D CameraHal: commandThread(904): commandThread(904):receive CMD_PREVIEW_START
11-12 02:12:50.809   191  2398 D CameraHal: selectPreferedDrvSize(74): selectPreferedDrvSize:prefer res (864x480)
11-12 02:12:50.812   191  2398 E CameraHal: commandThread(956): whp3:::864,480,864,480
11-12 02:12:50.812   191  2398 D CameraHal: startPreview(195): startPreview195:preview_w = 864,preview_h = 480,drv_w = 864,drv_h = 480
11-12 02:12:50.832   191  2398 D CameraHal: cameraSetSize(497): cameraSetSize(497):IN, w = 864,h = 480
11-12 02:12:50.933   191  2398 D CameraHal: cameraStream(519): cameraStream(519):on = 1
11-12 02:12:50.934   191  2398 D CameraHal: startPreview(241): startPreview(241):OUT
11-12 02:12:50.934   191  2385 D CameraHal: displayThread(624): displayThread(624): receive CMD_DISPLAY_START
11-12 02:12:50.934   191  2385 D CameraHal: cameraDisplayBufferDestory(417): cameraDisplayBufferDestory(417): mANativeWindow is NULL, destory is ignore
11-12 02:12:50.953   191  2398 D CameraHal: commandThread(979): commandThread(979): CMD_PREVIEW_START out
11-12 02:12:50.953   191  2398 D CameraHal: cameraConfig(781): set whitebalance
11-12 02:12:50.953   191  2398 D CameraHal: cameraConfig(816): set color effect
11-12 02:12:50.953   191  2398 D CameraHal: cameraConfig(843): set scene
11-12 02:12:50.953   191  2398 D CameraHal: cameraConfig(868): set anti banding
11-12 02:12:50.953   191  2398 D CameraHal: cameraConfig(895): set white balance lock
11-12 02:12:50.953   191  2398 D CameraHal: cameraConfig(920): set exposurelock 
11-12 02:12:50.953   191  2398 D CameraHal: cameraConfig(945): set focus 
11-12 02:12:50.953   191  2398 D CameraHal: cameraConfig(967): set flash 
11-12 02:12:50.953   191  2398 D CameraHal: cameraConfig(1000): set exposure 
11-12 02:12:50.953   191  2398 D CameraHal: cameraConfig(1019): config out 
11-12 02:12:50.953   191  2398 D CameraHal: isNeedToRestartPreview(161): mPreviewFrame2AppW (864x480)
11-12 02:12:50.953   191  2398 D CameraHal: isNeedToRestartPreview(162): mCamPreviewW (864x480)
11-12 02:12:50.953   191  2398 D CameraHal: isNeedToRestartPreview(163): video width (864x480)
11-12 02:12:50.959   191  2398 D CameraHal: cameraConfig(781): set whitebalance
11-12 02:12:50.959   191  2398 D CameraHal: cameraConfig(816): set color effect
11-12 02:12:50.959   191  2398 D CameraHal: cameraConfig(843): set scene
11-12 02:12:50.959   191  2398 D CameraHal: cameraConfig(868): set anti banding
11-12 02:12:50.959   191  2398 D CameraHal: cameraConfig(895): set white balance lock
11-12 02:12:50.959   191  2398 D CameraHal: cameraConfig(920): set exposurelock 
11-12 02:12:50.959   191  2398 D CameraHal: cameraConfig(945): set focus 
11-12 02:12:50.959   191  2398 D CameraHal: cameraConfig(967): set flash 
11-12 02:12:50.959   191  2398 D CameraHal: cameraConfig(1000): set exposure 
11-12 02:12:50.959   191  2398 D CameraHal: cameraConfig(1019): config out 
11-12 02:12:50.959   191  2398 D CameraHal: isNeedToRestartPreview(161): mPreviewFrame2AppW (864x480)
11-12 02:12:50.959   191  2398 D CameraHal: isNeedToRestartPreview(162): mCamPreviewW (864x480)
11-12 02:12:50.959   191  2398 D CameraHal: isNeedToRestartPreview(163): video width (864x480)
11-12 02:12:51.029  2348  2348 V CAM_CameraAppUI: hiding cover via onSurfaceTextureUpdated
11-12 02:12:51.029  2348  2348 D CameraPerformanceTracker: First preview frame received
11-12 02:12:51.029  2348  2348 E CAM_CameraAppUI: ============hideModeCover============
11-12 02:12:51.034  2348  2348 E CAM_CameraAppUI: onModeListOpenProgress========================================
11-12 02:12:51.034  2348  2348 E CAM_CameraAppUI: onModeListOpenProgress========================================
11-12 02:12:51.557  2348  2348 W CAM_CameraActivity: www:hide
11-12 02:12:51.557  2348  2348 D CAM_CameraActivity: *********hideSystemUI************
11-12 02:12:51.585  2348  2348 D CAM_CameraActivity: **********onSystemUiVisibilityChange**********
11-12 02:12:51.586  2348  2348 W CAM_CameraActivity: www:nnnnnnnnnnnnn
11-12 02:12:51.667   191  2403 D CameraHal: debugShowFPS(642): Camera 32 Frames, 0.184 FPS
11-12 02:12:52.134  2348  2348 E CAM_CameraAppUI: onModeListOpenProgress========================================
11-12 02:12:52.152  2348  2348 E CAM_CameraAppUI: onModeListOpenProgress========================================
11-12 02:12:52.168  2348  2348 E CAM_CameraAppUI: onModeListOpenProgress========================================
11-12 02:12:52.186  2348  2348 E CAM_CameraAppUI: onModeListOpenProgress========================================
11-12 02:12:52.203  2348  2348 E CAM_CameraAppUI: onModeListOpenProgress========================================
11-12 02:12:52.220  2348  2348 E CAM_CameraAppUI: onModeListOpenProgress========================================
11-12 02:12:52.237  2348  2348 E CAM_CameraAppUI: onModeListOpenProgress========================================
11-12 02:12:52.241  1019  1033 W art     : Suspending all threads took: 6.518ms
11-12 02:12:52.246  1818  1830 W art     : Suspending all threads took: 9.599ms
11-12 02:12:52.254  2348  2348 E CAM_CameraAppUI: onModeListOpenProgress========================================
11-12 02:12:52.271  2348  2348 E CAM_CameraAppUI: onModeListOpenProgress========================================
11-12 02:12:52.288  2348  2348 E CAM_CameraAppUI: onModeListOpenProgress========================================
11-12 02:12:52.300   191  2403 D CameraHal: debugShowFPS(642): Camera 64 Frames, 50.523 FPS
11-12 02:12:52.305  2348  2348 E CAM_CameraAppUI: onModeListOpenProgress========================================
11-12 02:12:52.322  2348  2348 E CAM_CameraAppUI: onModeListOpenProgress========================================
11-12 02:12:52.338  2348  2348 E CAM_CameraAppUI: onModeListOpenProgress========================================
11-12 02:12:52.355  2348  2348 E CAM_CameraAppUI: onModeListOpenProgress========================================
11-12 02:12:52.373  2348  2348 E CAM_CameraAppUI: onModeListOpenProgress========================================
11-12 02:12:52.389  2348  2348 E CAM_CameraAppUI: onModeListOpenProgress========================================
11-12 02:12:52.406  2348  2348 E CAM_CameraAppUI: onModeListOpenProgress========================================
11-12 02:12:52.423  2348  2348 E CAM_CameraAppUI: onModeListOpenProgress========================================
11-12 02:12:52.440  2348  2348 E CAM_CameraAppUI: onModeListOpenProgress========================================
11-12 02:12:52.457  2348  2348 E CAM_CameraAppUI: onModeListOpenProgress========================================
11-12 02:12:52.474  2348  2348 E CAM_CameraAppUI: onModeListOpenProgress========================================
11-12 02:12:52.491  2348  2348 E CAM_CameraAppUI: onModeListOpenProgress========================================
11-12 02:12:52.510  2348  2348 E CAM_CameraAppUI: onModeListOpenProgress========================================
11-12 02:12:52.510   190   222 D alsa_route: route_set_controls() set route 24
11-12 02:12:52.510   190   222 D AudioHardwareTiny: close device
11-12 02:12:52.525  2348  2348 E CAM_CameraAppUI: onModeListOpenProgress========================================
11-12 02:12:52.542  2348  2348 E CAM_CameraAppUI: onModeListOpenProgress========================================
11-12 02:12:52.559  2348  2348 E CAM_CameraAppUI: onModeListOpenProgress========================================
11-12 02:12:52.576  2348  2348 E CAM_CameraAppUI: onModeListOpenProgress========================================
11-12 02:12:52.586  2348  2348 W CAM_CameraActivity: www:hide
11-12 02:12:52.586  2348  2348 D CAM_CameraActivity: *********hideSystemUI************
11-12 02:12:52.611  2348  2348 E CAM_CameraAppUI: onModeListOpenProgress========================================
11-12 02:12:52.627  2348  2348 E CAM_CameraAppUI: onModeListOpenProgress========================================
11-12 02:12:52.644  2348  2348 E CAM_CameraAppUI: onModeListOpenProgress========================================
11-12 02:12:52.678  2348  2348 E CAM_CameraAppUI: onModeListOpenProgress========================================
11-12 02:12:52.714  2348  2348 E CAM_CameraAppUI: onModeListOpenProgress========================================
11-12 02:12:52.763  2348  2348 E CAM_CameraAppUI: onModeListOpenProgress========================================
11-12 02:12:52.899  2348  2348 E CAM_CameraAppUI: onModeListOpenProgress========================================
11-12 02:12:52.936   191  2403 D CameraHal: debugShowFPS(642): Camera 96 Frames, 50.380 FPS
11-12 02:12:52.954   472   565 E TaskPersister: File error accessing recents directory (directory doesn't exist?).
11-12 02:12:53.467   191  2403 D CameraHal: debugShowFPS(642): Camera 128 Frames, 60.201 FPS
11-12 02:12:55.185  1818  1830 W art     : Suspending all threads took: 32.343ms
[  175.570599] rk_cam_cif(2730):Camera host haven't recevie data from sensor,last fps = 151,pcdev->fps = 151,cif_irq: 155,dma_irq: 152!
[  175.578171] rk_cam_cif(2639):CIF_CIF_CTRL = 0xf000
[  175.578190] rk_cam_cif(2640):CIF_CIF_INTEN = 0x201
[  175.578205] rk_cam_cif(2641):CIF_CIF_INTSTAT = 0xa
[  175.578230] rk_cam_cif(2642):CIF_CIF_FOR = 0x10000
[  175.578254] rk_cam_cif(2643):CIF_CIF_CROP = 0x0
[  175.578273] rk_cam_cif(2644):CIF_CIF_SET_SIZE = 0x1e00360
[  175.578288] rk_cam_cif(2645):CIF_CIF_SCL_CTRL = 0x10
[  175.578303] rk_cam_cif(2651):CRU_PCLK_REG30 = 0X8100
[  175.578318] rk_cam_cif(2652):CIF_CIF_LAST_LINE = 0X1e
[  175.578332] rk_cam_cif(2654):CIF_CIF_LAST_PIX = 0X6c0
[  175.578347] rk_cam_cif(2655):CIF_CIF_VIR_LINE_WIDTH = 0X360
[  175.578362] rk_cam_cif(2656):CIF_CIF_LINE_NUM_ADDR = 0X0
[  175.578377] rk_cam_cif(2657):CIF_CIF_FRM0_ADDR_Y = 0X9d700000
[  175.578392] rk_cam_cif(2658):CIF_CIF_FRM0_ADDR_UV = 0X9d765400
[  175.578407] rk_cam_cif(2659):CIF_CIF_FRAME_STATUS = 0X0
[  175.578422] rk_cam_cif(2660):CIF_CIF_SCL_VALID_NUM = 0Xa0a
[  175.578437] rk_cam_cif(2661):CIF_CIF_CUR_DST = 0X9d765320
[  175.578452] rk_cam_cif(2662):CIF_CIF_LINE_NUM_ADDR = 0X0
[  175.578467] rk_cam_cif(2686):CIF may be error, so reset cif for resume
11-12 02:12:55.701   191  2403 D CameraHal: debugShowFPS(642): Camera 160 Frames, 14.327 FPS
[  177.538598] rk_cam_cif(2730):Camera host haven't recevie data from sensor,last fps = 186,pcdev->fps = 186,cif_irq: 190,dma_irq: 188!
[  177.546185] rk_cam_cif(2639):CIF_CIF_CTRL = 0xf000
[  177.546217] rk_cam_cif(2640):CIF_CIF_INTEN = 0x201
[  177.546236] rk_cam_cif(2641):CIF_CIF_INTSTAT = 0xa
[  177.546250] rk_cam_cif(2642):CIF_CIF_FOR = 0x10000
[  177.546265] rk_cam_cif(2643):CIF_CIF_CROP = 0x0
[  177.546279] rk_cam_cif(2644):CIF_CIF_SET_SIZE = 0x1e00360
[  177.546294] rk_cam_cif(2645):CIF_CIF_SCL_CTRL = 0x10
[  177.546309] rk_cam_cif(2651):CRU_PCLK_REG30 = 0X8100
[  177.546324] rk_cam_cif(2652):CIF_CIF_LAST_LINE = 0X100
[  177.546338] rk_cam_cif(2654):CIF_CIF_LAST_PIX = 0X6c0
[  177.546354] rk_cam_cif(2655):CIF_CIF_VIR_LINE_WIDTH = 0X360
[  177.546368] rk_cam_cif(2656):CIF_CIF_LINE_NUM_ADDR = 0X0
[  177.546383] rk_cam_cif(2657):CIF_CIF_FRM0_ADDR_Y = 0X9d600000
[  177.546399] rk_cam_cif(2658):CIF_CIF_FRM0_ADDR_UV = 0X9d665400
[  177.546413] rk_cam_cif(2659):CIF_CIF_FRAME_STATUS = 0X0
[  177.546428] rk_cam_cif(2660):CIF_CIF_SCL_VALID_NUM = 0X807
[  177.546443] rk_cam_cif(2661):CIF_CIF_CUR_DST = 0X9d665320
[  177.546458] rk_cam_cif(2662):CIF_CIF_LINE_NUM_ADDR = 0X0
[  177.546472] rk_cam_cif(2686):CIF may be error, so reset cif for resume
11-12 02:12:57.651   191  2403 D CameraHal: debugShowFPS(642): Camera 192 Frames, 16.409 FPS
11-12 02:12:58.351   191  2403 D CameraHal: debugShowFPS(642): Camera 224 Frames, 45.712 FPS
11-12 02:12:59.034   191  2403 D CameraHal: debugShowFPS(642): Camera 256 Frames, 46.827 FPS
11-12 02:12:59.734   191  2403 D CameraHal: debugShowFPS(642): Camera 288 Frames, 45.708 FPS
11-12 02:13:00.334   191  2403 D CameraHal: debugShowFPS(642): Camera 320 Frames, 53.332 FPS
11-12 02:13:01.004   191  2403 D CameraHal: debugShowFPS(642): Camera 352 Frames, 47.776 FPS
11-12 02:13:01.751   191  2403 D CameraHal: debugShowFPS(642): Camera 384 Frames, 42.837 FPS
11-12 02:13:02.434   191  2403 D CameraHal: debugShowFPS(642): Camera 416 Frames, 46.829 FPS
[  182.744430] rk312x-lcdc lcdc0: win0:new_addr:0x1032a000 cur_addr:0x10195000--1
11-12 02:13:03.085   191  2403 D CameraHal: debugShowFPS(642): Camera 448 Frames, 49.204 FPS
11-12 02:13:03.651   191  2403 D CameraHal: debugShowFPS(642): Camera 480 Frames, 56.500 FPS
11-12 02:13:04.190  1818  1830 W art     : Suspending all threads took: 7.109ms
11-12 02:13:04.351   191  2403 D CameraHal: debugShowFPS(642): Camera 512 Frames, 45.713 FPS
11-12 02:13:05.018   191  2403 D CameraHal: debugShowFPS(642): Camera 544 Frames, 47.995 FPS
11-12 02:13:05.651   191  2403 D CameraHal: debugShowFPS(642): Camera 576 Frames, 50.521 FPS
11-12 02:13:06.335   191  2403 D CameraHal: debugShowFPS(642): Camera 608 Frames, 46.828 FPS
11-12 02:13:07.004   191  2403 D CameraHal: debugShowFPS(642): Camera 640 Frames, 47.809 FPS
11-12 02:13:07.192  1818  1830 W art     : Suspending all threads took: 11.951ms
11-12 02:13:07.668   191  2403 D CameraHal: debugShowFPS(642): Camera 672 Frames, 48.188 FPS
[  188.247947] rk312x-lcdc lcdc0: win0:new_addr:0x1032a000 cur_addr:0x10195000--1
11-12 02:13:08.318   191  2403 D CameraHal: debugShowFPS(642): Camera 704 Frames, 49.229 FPS
11-12 02:13:08.951   191  2403 D CameraHal: debugShowFPS(642): Camera 736 Frames, 50.521 FPS
11-12 02:13:09.535   191  2403 D CameraHal: debugShowFPS(642): Camera 768 Frames, 54.856 FPS
[  189.736688] rk312x-lcdc lcdc0: win0:new_addr:0x1032a000 cur_addr:0x10195000--1
11-12 02:13:10.159  1818  1830 W art     : Suspending all threads took: 5.963ms
11-12 02:13:10.185   191  2403 D CameraHal: debugShowFPS(642): Camera 800 Frames, 49.228 FPS
11-12 02:13:10.902   191  2403 D CameraHal: debugShowFPS(642): Camera 832 Frames, 44.647 FPS
11-12 02:13:11.518   191  2403 D CameraHal: debugShowFPS(642): Camera 864 Frames, 51.890 FPS
11-12 02:13:12.118   191  2403 D CameraHal: debugShowFPS(642): Camera 896 Frames, 53.329 FPS
11-12 02:13:12.768   191  2403 D CameraHal: debugShowFPS(642): Camera 928 Frames, 49.227 FPS
11-12 02:13:13.468   191  2403 D CameraHal: debugShowFPS(642): Camera 960 Frames, 45.713 FPS
11-12 02:13:14.068   191  2403 D CameraHal: debugShowFPS(642): Camera 992 Frames, 53.327 FPS
11-12 02:13:14.685   191  2403 D CameraHal: debugShowFPS(642): Camera 1024 Frames, 51.890 FPS
11-12 02:13:15.369   191  2403 D CameraHal: debugShowFPS(642): Camera 1056 Frames, 46.826 FPS
11-12 02:13:16.035   191  2403 D CameraHal: debugShowFPS(642): Camera 1088 Frames, 47.999 FPS
11-12 02:13:16.685   191  2403 D CameraHal: debugShowFPS(642): Camera 1120 Frames, 49.224 FPS
11-12 02:13:17.252   191  2403 D CameraHal: debugShowFPS(642): Camera 1152 Frames, 56.471 FPS
11-12 02:13:17.902   191  2403 D CameraHal: debugShowFPS(642): Camera 1184 Frames, 49.225 FPS
11-12 02:13:18.569   191  2403 D CameraHal: debugShowFPS(642): Camera 1216 Frames, 48.000 FPS
11-12 02:13:19.169   191  2403 D CameraHal: debugShowFPS(642): Camera 1248 Frames, 53.327 FPS
11-12 02:13:19.802   191  2403 D CameraHal: debugShowFPS(642): Camera 1280 Frames, 50.514 FPS
11-12 02:13:20.469   191  2403 D CameraHal: debugShowFPS(642): Camera 1312 Frames, 48.006 FPS
11-12 02:13:21.152   191  2403 D CameraHal: debugShowFPS(642): Camera 1344 Frames, 46.828 FPS
11-12 02:13:21.736   191  2403 D CameraHal: debugShowFPS(642): Camera 1376 Frames, 54.852 FPS
11-12 02:13:22.402   191  2403 D CameraHal: debugShowFPS(642): Camera 1408 Frames, 47.997 FPS
11-12 02:13:22.966   472  1020 I ActivityManager: Killing 1587:com.android.vending/u0a14 (adj 906): empty #4
11-12 02:13:23.055   472   768 D ActivityManager: cleanUpApplicationRecord -- 1587
11-12 02:13:23.102   191  2403 D CameraHal: debugShowFPS(642): Camera 1440 Frames, 45.710 FPS
11-12 02:13:23.719   191  2403 D CameraHal: debugShowFPS(642): Camera 1472 Frames, 51.883 FPS
11-12 02:13:24.319   191  2403 D CameraHal: debugShowFPS(642): Camera 1504 Frames, 53.336 FPS
11-12 02:13:24.952   191  2403 D CameraHal: debugShowFPS(642): Camera 1536 Frames, 50.523 FPS
11-12 02:13:25.653   191  2403 D CameraHal: debugShowFPS(642): Camera 1568 Frames, 45.712 FPS
11-12 02:13:26.286   191  2403 D CameraHal: debugShowFPS(642): Camera 1600 Frames, 50.494 FPS
11-12 02:13:26.340   841  1579 E NetworkScheduler: Trying to release unacquired lock: ALARM_MANAGER
11-12 02:13:26.343  1199  2414 I GCM-GMS : Registering GMS 745476177629
11-12 02:13:26.381   841  1159 E GCM     : Missing checkin config file
11-12 02:13:26.382   841  1159 W GCM     : GCM FAILED TO INITIALIZE - missing checkin
11-12 02:13:26.384  1199  2414 W GCM-GMS : Failed to get registration: java.io.IOException: AUTHENTICATION_FAILED
11-12 02:13:26.385   841  1180 E NetworkScheduler.ATC: Trying to release unacquired lock: com.google.android.gms/.gcm.gmsproc.GcmInGmsTaskService
11-12 02:13:26.398   841  1579 E NetworkScheduler: Trying to release unacquired lock: EXECUTION_CALLBACK
11-12 02:13:26.490   841  2417 E NetworkScheduler.ATC: Trying to release unacquired lock: com.google.android.gms/.clearcut.uploader.QosUploaderService
11-12 02:13:26.534   841  1579 E NetworkScheduler: Trying to release unacquired lock: EXECUTION_CALLBACK
11-12 02:13:26.604   841  1579 E NetworkScheduler: Trying to release unacquired lock: EXECUTION_CALLBACK
11-12 02:13:26.692   841  1579 E NetworkScheduler: Trying to release unacquired lock: EXECUTION_CALLBACK
11-12 02:13:26.715   841  1579 E NetworkScheduler: Trying to release unacquired lock: CLIENT_LIB
11-12 02:13:26.952   841  2418 I GoogleURLConnFactory: Using platform SSLCertificateSocketFactory
11-12 02:13:27.012   841  1159 E GCM     : Missing checkin config file
11-12 02:13:27.012   841  1159 W GCM     : GCM FAILED TO INITIALIZE - missing checkin
11-12 02:13:27.014   841  2421 E GcmPushIntentOperation: Failed to subscribe to GCM: com.google.android.gms.playlog.uploader
11-12 02:13:27.014   841  2421 E GcmPushIntentOperation: java.io.IOException: AUTHENTICATION_FAILED
11-12 02:13:27.014   841  2421 E GcmPushIntentOperation:        at uzz.b(:com.google.android.gms@11518430:41)
11-12 02:13:27.014   841  2421 E GcmPushIntentOperation:        at uzz.a(:com.google.android.gms@11518430:47)
11-12 02:13:27.014   841  2421 E GcmPushIntentOperation:        at uzw.b(:com.google.android.gms@11518430:11)
11-12 02:13:27.014   841  2421 E GcmPushIntentOperation:        at uzw.a(:com.google.android.gms@11518430:29)
11-12 02:13:27.014   841  2421 E GcmPushIntentOperation:        at com.google.android.gms.phenotype.gcmpush.GcmPushIntentOperation.a(:com.google.android.gms@11518430:16)
11-12 02:13:27.014   841  2421 E GcmPushIntentOperation:        at com.google.android.gms.phenotype.gcmpush.GcmPushIntentOperation.onHandleIntent(:com.google.android.gms@11518430:6)
11-12 02:13:27.014   841  2421 E GcmPushIntentOperation:        at com.google.android.chimera.IntentOperation.onHandleIntent(:com.google.android.gms@11518430:2)
11-12 02:13:27.014   841  2421 E GcmPushIntentOperation:        at bwh.run(:com.google.android.gms@11518430:10)
11-12 02:13:27.014   841  2421 E GcmPushIntentOperation:        at bwe.run(:com.google.android.gms@11518430:14)
11-12 02:13:27.014   841  2421 E GcmPushIntentOperation:        at java.util.concurrent.ThreadPoolExecutor.runWorker(ThreadPoolExecutor.java:1133)
11-12 02:13:27.014   841  2421 E GcmPushIntentOperation:        at java.util.concurrent.ThreadPoolExecutor$Worker.run(ThreadPoolExecutor.java:607)
11-12 02:13:27.014   841  2421 E GcmPushIntentOperation:        at java.lang.Thread.run(Thread.java:761)
11-12 02:13:27.103   191  2403 D CameraHal: debugShowFPS(642): Camera 1632 Frames, 39.199 FPS
11-12 02:13:27.114   841  2418 I GoogleURLConnFactory: Using platform SSLCertificateSocketFactory
11-12 02:13:27.819   191  2403 D CameraHal: debugShowFPS(642): Camera 1664 Frames, 44.646 FPS
[  207.450610] healthd: battery l=99 v=4036 t=0.0 h=2 st=4 chg=
11-12 02:13:28.503   191  2403 D CameraHal: debugShowFPS(642): Camera 1696 Frames, 46.828 FPS
11-12 02:13:29.153   191  2403 D CameraHal: debugShowFPS(642): Camera 1728 Frames, 49.228 FPS
11-12 02:13:29.836   191  2403 D CameraHal: debugShowFPS(642): Camera 1760 Frames, 46.826 FPS
11-12 02:13:30.489   191  2403 D CameraHal: debugShowFPS(642): Camera 1792 Frames, 49.039 FPS
11-12 02:13:31.070   191  2403 D CameraHal: debugShowFPS(642): Camera 1824 Frames, 55.086 FPS
11-12 02:13:31.720   191  2403 D CameraHal: debugShowFPS(642): Camera 1856 Frames, 49.230 FPS
11-12 02:13:32.386   191  2403 D CameraHal: debugShowFPS(642): Camera 1888 Frames, 47.997 FPS
11-12 02:13:32.453   841  2427 E GCM     : Missing checkin config file
11-12 02:13:32.454   841  2427 W GCM     : GCM FAILED TO INITIALIZE - missing checkin
11-12 02:13:32.467   841  2427 E GCM     : Missing checkin config file
11-12 02:13:32.467   841  2427 W GCM     : GCM FAILED TO INITIALIZE - missing checkin
11-12 02:13:33.053   191  2403 D CameraHal: debugShowFPS(642): Camera 1920 Frames, 47.998 FPS
11-12 02:13:33.653   191  2403 D CameraHal: debugShowFPS(642): Camera 1952 Frames, 53.327 FPS
11-12 02:13:33.799   841  2432 E GCM     : Missing checkin config file
11-12 02:13:33.800   841  2432 W GCM     : GCM FAILED TO INITIALIZE - missing checkin
11-12 02:13:33.805   841  2432 E GCM     : Missing checkin config file
11-12 02:13:33.806   841  2432 W GCM     : GCM FAILED TO INITIALIZE - missing checkin
11-12 02:13:33.827   472   768 D ConnectivityService: reportNetworkConnectivity(100, false) by 10009
11-12 02:13:33.828   472  1195 D NetworkMonitor/NetworkAgentInfo [WIFI () - 100]: Forcing reevaluation for UID 10009
11-12 02:13:33.828   472  1195 D NetworkMonitor/NetworkAgentInfo [WIFI () - 100]: Validation disabled.
11-12 02:13:33.831   472   531 D ConnectivityService: NetworkAgentInfo [WIFI () - 100] validation passed
11-12 02:13:33.833   472  2439 D WifiNetworkHistory: saving network history: "ZJSC24"WPA_PSK gw: null Network Selection-status: NETWORK_SELECTION_ENABLED ephemeral=false choice:null link:0 status:0 nid:0 hasEverConnected: true
11-12 02:13:33.834   472  2439 V WifiNetworkHistory: writeKnownNetworkHistory write config "ZJSC24"WPA_PSK
11-12 02:13:34.303   191  2403 D CameraHal: debugShowFPS(642): Camera 1984 Frames, 49.229 FPS
11-12 02:13:34.970   191  2403 D CameraHal: debugShowFPS(642): Camera 2016 Frames, 47.997 FPS
11-12 02:13:35.653   191  2403 D CameraHal: debugShowFPS(642): Camera 2048 Frames, 46.815 FPS
11-12 02:13:36.320   191  2403 D CameraHal: debugShowFPS(642): Camera 2080 Frames, 48.002 FPS
11-12 02:13:36.953   191  2403 D CameraHal: debugShowFPS(642): Camera 2112 Frames, 50.530 FPS
[  216.476282] RTL871X: Warning!!! rx_query_phy_status: Confilc mac addr!!
11-12 02:13:37.620   191  2403 D CameraHal: debugShowFPS(642): Camera 2144 Frames, 47.998 FPS
11-12 02:13:38.303   191  2403 D CameraHal: debugShowFPS(642): Camera 2176 Frames, 46.827 FPS
11-12 02:13:38.987   191  2403 D CameraHal: debugShowFPS(642): Camera 2208 Frames, 46.824 FPS
11-12 02:13:39.554   191  2403 D CameraHal: debugShowFPS(642): Camera 2240 Frames, 56.398 FPS
[  219.445634] rk312x-lcdc lcdc0: win0:new_addr:0x10195000 cur_addr:0x1032a000--1
11-12 02:13:40.220   191  2403 D CameraHal: debugShowFPS(642): Camera 2272 Frames, 48.049 FPS
11-12 02:13:40.903   191  2403 D CameraHal: debugShowFPS(642): Camera 2304 Frames, 46.826 FPS
^C
130|P2-A:/ $
