130|P2-A:/ $ [  791.978879] rk312x-lcdc lcdc0: win0:new_addr:0x10195000 cur_addr:0x1032a000--1
logcat[  793.634965] rk312x-lcdc lcdc0: win0:new_addr:0x1032a000 cur_addr:0x10195000--1

[  794.153604] rk312x-lcdc lcdc0: win0:new_addr:0x10195000 cur_addr:0x1032a000--1
--------- beginning of system
01-01 09:36:12.530   188   188 E DrmService: get prop_board_platform,prop_board_platform = rk3128 , diff=-1
01-01 09:36:12.536   188   188 E DrmService: hiddata:
01-01 09:36:12.536   188   188 E DrmService: 0 0 0 0
01-01 09:36:12.536   188   188 E DrmService: 0 0 0 0
01-01 09:36:12.536   188   188 E DrmService: Get HID data:
01-01 09:36:12.630   188   188 E DrmService: ----------serianno =PKLPA9T04R
01-01 09:36:12.631   188   188 E DrmService: auto generate serialno,serialno = PKLPA9T04R
01-01 09:36:23.306   472   472 I InstallerConnection: connecting...
01-01 09:36:23.365   472   472 I InstallerConnection: disconnecting...
01-01 09:36:23.679   472   472 I SystemServer: Entered the Android system server!
01-01 09:36:24.108   472   472 I SystemServiceManager: Starting com.android.server.pm.Installer
01-01 09:36:24.132   472   472 I Installer: Waiting for installd to be ready.
01-01 09:36:24.132   472   472 I InstallerConnection: connecting...
01-01 09:36:24.133   472   472 I SystemServiceManager: Starting com.android.server.am.ActivityManagerService$Lifecycle
01-01 09:36:24.243   472   472 I ActivityManager: Memory class: 80
01-01 09:36:24.255   472   486 I ServiceThread: Enabled StrictMode logging for ActivityManager looper.
01-01 09:36:24.262   472   487 I ServiceThread: Enabled StrictMode logging for android.ui looper.
01-01 09:36:24.340   472   472 D BatteryStatsImpl: Reading daily items from /data/system/batterystats-daily.xml
01-01 09:36:24.625   472   472 I IntentFirewall: Read new rules (A:0 B:0 S:0)
01-01 09:36:24.642   472   493 I ServiceThread: Enabled StrictMode logging for android.display looper.
01-01 09:36:24.652   472   472 D AppOps  : AppOpsService published
01-01 09:36:24.653   472   472 I SystemServiceManager: Starting com.android.server.power.PowerManagerService
01-01 09:36:24.669   472   495 I ServiceThread: Enabled StrictMode logging for PowerManagerService looper.
01-01 09:36:24.695   472   472 I SystemServiceManager: Starting com.android.server.lights.LightsService
01-01 09:36:24.712   472   472 I SystemServiceManager: Starting com.android.server.display.DisplayManagerService
01-01 09:36:24.732   472   472 I SystemServiceManager: Starting phase 100
01-01 09:36:24.754   472   493 I DisplayManagerService: Display device added: DisplayDeviceInfo{"Built-in Screen": uniqueId="local:0", 864 x 480, modeId 1, defaultModeId 1, supportedModes [{id=1, width=864, height=480, fps=59.0}], colorMode 0, supportedColorModes [0], HdrCapabilities android.view.Display$HdrCapabilities@a69d6308, density 120, 2147483.8 x 2147483.8 dpi, appVsyncOff 1000000, presDeadline 16949152, touch INTERNAL, rotation 0, type BUILT_IN, state UNKNOWN, FLAG_DEFAULT_DISPLAY, FLAG_ROTATES_WITH_CONTENT, FLAG_SECURE, FLAG_SUPPORTS_PROTECTED_BUFFERS}
01-01 09:36:24.757   472   472 I SystemServer: StartPackageManagerService
01-01 09:36:24.757   472   493 I DisplayManagerService: Display device changed state: "Built-in Screen", ON
01-01 09:36:24.981   472   472 D SELinuxMMAC: Using policy file /system/etc/security/mac_permissions.xml
01-01 09:36:25.370   472   472 W PackageManager: Library not found: /system/framework/org.apache.http.legacy.jar
01-01 09:36:25.521   472   472 W PackageParser: Ignoring duplicate uses-permissions/uses-permissions-sdk-m: com.google.android.providers.gsf.permission.READ_GSERVICES in package: com.google.android.ims at: Binary XML file line #32
01-01 09:36:25.664   472   472 W PackageManager: Permission android.permission.DOWNLOAD_WITHOUT_NOTIFICATION from package com.android.providers.downloads in an unknown group android.permission-group.NETWORK
01-01 09:36:25.990   472   472 W PackageManager: Permission com.google.android.gms.permission.ACTIVITY_RECOGNITION from package com.google.android.gms in an unknown group android.permission-group.PERSONAL_INFO
01-01 09:36:25.999   472   472 W PackageManager: Package com.google.android.ext.services library android.ext.services already exists; skipping
01-01 09:36:26.154   472   472 W PackageParser: Ignoring duplicate uses-permissions/uses-permissions-sdk-m: com.google.android.providers.gsf.permission.READ_GSERVICES in package: com.google.android.partnersetup at: Binary XML file line #32
01-01 09:36:26.242   472   472 W PackageManager: Permission com.google.android.googleapps.permission.GOOGLE_AUTH from package com.google.android.gsf in an unknown group android.permission-group.ACCOUNTS
01-01 09:36:26.242   472   472 W PackageManager: Permission com.google.android.googleapps.permission.GOOGLE_AUTH.ALL_SERVICES from package com.google.android.gsf in an unknown group android.permission-group.ACCOUNTS
01-01 09:36:26.242   472   472 W PackageManager: Permission com.google.android.googleapps.permission.GOOGLE_AUTH.OTHER_SERVICES from package com.google.android.gsf in an unknown group android.permission-group.ACCOUNTS
01-01 09:36:26.242   472   472 W PackageManager: Permission com.google.android.googleapps.permission.GOOGLE_AUTH.mail from package com.google.android.gsf in an unknown group android.permission-group.ACCOUNTS
01-01 09:36:26.242   472   472 W PackageManager: Permission com.google.android.googleapps.permission.GOOGLE_AUTH.cl from package com.google.android.gsf in an unknown group android.permission-group.ACCOUNTS
01-01 09:36:26.242   472   472 W PackageManager: Permission com.google.android.googleapps.permission.GOOGLE_AUTH.android from package com.google.android.gsf in an unknown group android.permission-group.ACCOUNTS
01-01 09:36:26.242   472   472 W PackageManager: Permission com.google.android.googleapps.permission.GOOGLE_AUTH.androidsecure from package com.google.android.gsf in an unknown group android.permission-group.ACCOUNTS
01-01 09:36:26.242   472   472 W PackageManager: Permission com.google.android.googleapps.permission.GOOGLE_AUTH.sierra from package com.google.android.gsf in an unknown group android.permission-group.ACCOUNTS
01-01 09:36:26.242   472   472 W PackageManager: Permission com.google.android.googleapps.permission.GOOGLE_AUTH.sierraqa from package com.google.android.gsf in an unknown group android.permission-group.ACCOUNTS
01-01 09:36:26.242   472   472 W PackageManager: Permission com.google.android.googleapps.permission.GOOGLE_AUTH.sierrasandbox from package com.google.android.gsf in an unknown group android.permission-group.ACCOUNTS
01-01 09:36:26.242   472   472 W PackageManager: Permission com.google.android.googleapps.permission.GOOGLE_AUTH.youtube from package com.google.android.gsf in an unknown group android.permission-group.ACCOUNTS
01-01 09:36:26.242   472   472 W PackageManager: Permission com.google.android.googleapps.permission.GOOGLE_AUTH.YouTubeUser from package com.google.android.gsf in an unknown group android.permission-group.ACCOUNTS
01-01 09:36:26.243   472   472 W PackageManager: Permission com.google.android.googleapps.permission.GOOGLE_AUTH.talk from package com.google.android.gsf in an unknown group android.permission-group.ACCOUNTS
01-01 09:36:26.243   472   472 W PackageManager: Permission com.google.android.googleapps.permission.GOOGLE_AUTH.ig from package com.google.android.gsf in an unknown group android.permission-group.ACCOUNTS
01-01 09:36:26.243   472   472 W PackageManager: Permission com.google.android.googleapps.permission.GOOGLE_AUTH.lh2 from package com.google.android.gsf in an unknown group android.permission-group.ACCOUNTS
01-01 09:36:26.243   472   472 W PackageManager: Permission com.google.android.googleapps.permission.GOOGLE_AUTH.mobile from package com.google.android.gsf in an unknown group android.permission-group.ACCOUNTS
01-01 09:36:26.243   472   472 W PackageManager: Permission com.google.android.googleapps.permission.GOOGLE_AUTH.cp from package com.google.android.gsf in an unknown group android.permission-group.ACCOUNTS
01-01 09:36:26.243   472   472 W PackageManager: Permission com.google.android.googleapps.permission.GOOGLE_AUTH.adsense from package com.google.android.gsf in an unknown group android.permission-group.ACCOUNTS
01-01 09:36:26.243   472   472 W PackageManager: Permission com.google.android.googleapps.permission.GOOGLE_AUTH.adwords from package com.google.android.gsf in an unknown group android.permission-group.ACCOUNTS
01-01 09:36:26.243   472   472 W PackageManager: Permission com.google.android.googleapps.permission.GOOGLE_AUTH.blogger from package com.google.android.gsf in an unknown group android.permission-group.ACCOUNTS
01-01 09:36:26.243   472   472 W PackageManager: Permission com.google.android.googleapps.permission.GOOGLE_AUTH.dodgeball from package com.google.android.gsf in an unknown group android.permission-group.ACCOUNTS
01-01 09:36:26.243   472   472 W PackageManager: Permission com.google.android.googleapps.permission.GOOGLE_AUTH.gbase from package com.google.android.gsf in an unknown group android.permission-group.ACCOUNTS
01-01 09:36:26.243   472   472 W PackageManager: Permission com.google.android.googleapps.permission.GOOGLE_AUTH.groups2 from package com.google.android.gsf in an unknown group android.permission-group.ACCOUNTS
01-01 09:36:26.243   472   472 W PackageManager: Permission com.google.android.googleapps.permission.GOOGLE_AUTH.health from package com.google.android.gsf in an unknown group android.permission-group.ACCOUNTS
01-01 09:36:26.243   472   472 W PackageManager: Permission com.google.android.googleapps.permission.GOOGLE_AUTH.jotspot from package com.google.android.gsf in an unknown group android.permission-group.ACCOUNTS
01-01 09:36:26.243   472   472 W PackageManager: Permission com.google.android.googleapps.permission.GOOGLE_AUTH.knol from package com.google.android.gsf in an unknown group android.permission-group.ACCOUNTS
01-01 09:36:26.243   472   472 W PackageManager: Permission com.google.android.googleapps.permission.GOOGLE_AUTH.news from package com.google.android.gsf in an unknown group android.permission-group.ACCOUNTS
01-01 09:36:26.243   472   472 W PackageManager: Permission com.google.android.googleapps.permission.GOOGLE_AUTH.orkut from package com.google.android.gsf in an unknown group android.permission-group.ACCOUNTS
01-01 09:36:26.243   472   472 W PackageManager: Permission com.google.android.googleapps.permission.GOOGLE_AUTH.print from package com.google.android.gsf in an unknown group android.permission-group.ACCOUNTS
01-01 09:36:26.243   472   472 W PackageManager: Permission com.google.android.googleapps.permission.GOOGLE_AUTH.sitemaps from package com.google.android.gsf in an unknown group android.permission-group.ACCOUNTS
01-01 09:36:26.244   472   472 W PackageManager: Permission com.google.android.googleapps.permission.GOOGLE_AUTH.wifi from package com.google.android.gsf in an unknown group android.permission-group.ACCOUNTS
01-01 09:36:26.244   472   472 W PackageManager: Permission com.google.android.googleapps.permission.GOOGLE_AUTH.finance from package com.google.android.gsf in an unknown group android.permission-group.ACCOUNTS
01-01 09:36:26.244   472   472 W PackageManager: Permission com.google.android.googleapps.permission.GOOGLE_AUTH.local from package com.google.android.gsf in an unknown group android.permission-group.ACCOUNTS
01-01 09:36:26.244   472   472 W PackageManager: Permission com.google.android.googleapps.permission.GOOGLE_AUTH.ah from package com.google.android.gsf in an unknown group android.permission-group.ACCOUNTS
01-01 09:36:26.244   472   472 W PackageManager: Permission com.google.android.googleapps.permission.GOOGLE_AUTH.notebook from package com.google.android.gsf in an unknown group android.permission-group.ACCOUNTS
01-01 09:36:26.244   472   472 W PackageManager: Permission com.google.android.googleapps.permission.GOOGLE_AUTH.writely from package com.google.android.gsf in an unknown group android.permission-group.ACCOUNTS
01-01 09:36:26.244   472   472 W PackageManager: Permission com.google.android.googleapps.permission.GOOGLE_AUTH.wise from package com.google.android.gsf in an unknown group android.permission-group.ACCOUNTS
01-01 09:36:26.244   472   472 W PackageManager: Permission com.google.android.googleapps.permission.GOOGLE_AUTH.grandcentral from package com.google.android.gsf in an unknown group android.permission-group.ACCOUNTS
01-01 09:36:26.244   472   472 W PackageManager: Permission com.google.android.googleapps.permission.GOOGLE_AUTH.speechpersonalization from package com.google.android.gsf in an unknown group android.permission-group.ACCOUNTS
01-01 09:36:26.244   472   472 W PackageManager: Permission com.google.android.googleapps.permission.GOOGLE_AUTH.speech from package com.google.android.gsf in an unknown group android.permission-group.ACCOUNTS
01-01 09:36:26.244   472   472 W PackageManager: Permission com.google.android.providers.talk.permission.READ_ONLY from package com.google.android.gsf in an unknown group android.permission-group.MESSAGES
01-01 09:36:26.244   472   472 W PackageManager: Permission com.google.android.providers.talk.permission.WRITE_ONLY from package com.google.android.gsf in an unknown group android.permission-group.MESSAGES
01-01 09:36:26.244   472   472 W PackageManager: Permission com.google.android.gtalkservice.permission.GTALK_SERVICE from package com.google.android.gsf in an unknown group android.permission-group.MESSAGES
01-01 09:36:26.244   472   472 W PackageManager: Permission com.google.android.gtalkservice.permission.SEND_HEARTBEAT from package com.google.android.gsf in an unknown group android.permission-group.NETWORK
01-01 09:36:26.244   472   472 W PackageManager: Permission com.google.android.permission.BROADCAST_DATA_MESSAGE from package com.google.android.gsf in an unknown group android.permission-group.NETWORK
01-01 09:36:26.244   472   472 W PackageManager: Permission com.google.android.c2dm.permission.SEND from package com.google.android.gsf in an unknown group android.permission-group.NETWORK
01-01 09:36:26.244   472   472 W PackageManager: Permission com.google.android.c2dm.permission.RECEIVE from package com.google.android.gsf in an unknown group android.permission-group.NETWORK
01-01 09:36:26.244   472   472 W PackageManager: Permission com.google.android.xmpp.permission.BROADCAST from package com.google.android.gsf in an unknown group android.permission-group.NETWORK
01-01 09:36:26.245   472   472 W PackageManager: Permission com.google.android.xmpp.permission.SEND_RECEIVE from package com.google.android.gsf in an unknown group android.permission-group.NETWORK
01-01 09:36:26.245   472   472 W PackageManager: Permission com.google.android.xmpp.permission.XMPP_ENDPOINT_BROADCAST from package com.google.android.gsf in an unknown group android.permission-group.NETWORK
01-01 09:36:26.245   472   472 W PackageManager: Permission com.google.android.xmpp.permission.USE_XMPP_ENDPOINT from package com.google.android.gsf in an unknown group android.permission-group.NETWORK
01-01 09:36:26.245   472   472 W PackageManager: Permission com.google.android.providers.gsf.permission.READ_GSERVICES from package com.google.android.gsf in an unknown group android.permission-group.ACCOUNTS
01-01 09:36:26.744   472   472 W PackageManager: Permission com.android.vending.appdiscoveryservice.permission.ACCESS_APP_DISCOVERY_SERVICE from package com.android.vending in an unknown group android.permission-group.NETWORK
01-01 09:36:26.744   472   472 W PackageManager: Permission com.android.vending.CHECK_LICENSE from package com.android.vending in an unknown group android.permission-group.NETWORK
01-01 09:36:26.744   472   472 W PackageManager: Permission com.android.vending.BILLING from package com.android.vending in an unknown group android.permission-group.NETWORK
01-01 09:36:27.228   472   472 W PackageParser: Ignoring duplicate uses-permissions/uses-permissions-sdk-m: android.permission.USE_CREDENTIALS in package: com.android.settings at: Binary XML file line #56
01-01 09:36:27.229   472   472 W PackageParser: Ignoring duplicate uses-permissions/uses-permissions-sdk-m: android.permission.READ_SYNC_SETTINGS in package: com.android.settings at: Binary XML file line #61
01-01 09:36:27.229   472   472 W PackageParser: Ignoring duplicate uses-permissions/uses-permissions-sdk-m: android.permission.WRITE_SYNC_SETTINGS in package: com.android.settings at: Binary XML file line #62
01-01 09:36:27.522   472   472 W PackageParser: Ignoring duplicate uses-permissions/uses-permissions-sdk-m: android.permission.INSTALL_GRANT_RUNTIME_PERMISSIONS in package: com.android.shell at: Binary XML file line #102
01-01 09:36:27.753   472   472 W PackageParser: Ignoring duplicate uses-permissions/uses-permissions-sdk-m: android.permission.CONFIGURE_WIFI_DISPLAY in package: com.android.systemui at: Binary XML file line #123
01-01 09:36:27.943   472   472 W PackageParser: No actions in intent filter at /system/priv-app/TvSettings/TvSettings.apk Binary XML file line #87
01-01 09:36:27.951   472   472 W PackageParser: No actions in intent filter at /system/priv-app/TvSettings/TvSettings.apk Binary XML file line #636
01-01 09:36:27.951   472   472 W PackageParser: No actions in intent filter at /system/priv-app/TvSettings/TvSettings.apk Binary XML file line #644
01-01 09:36:28.561   472   472 W PackageManager: Permission com.google.android.launcher.permission.READ_SETTINGS from package com.google.android.googlequicksearchbox in an unknown group android.permission-group.SYSTEM_TOOLS
01-01 09:36:28.561   472   472 W PackageManager: Permission com.google.android.launcher.permission.WRITE_SETTINGS from package com.google.android.googlequicksearchbox in an unknown group android.permission-group.SYSTEM_TOOLS
01-01 09:36:28.561   472   472 W PackageManager: Permission com.android.launcher.permission.INSTALL_SHORTCUT from package com.google.android.googlequicksearchbox in an unknown group android.permission-group.SYSTEM_TOOLS
01-01 09:36:28.751   472   472 W PackageParser: No actions in intent filter at /system/app/APV/Amazon_Prime_Video_3.246.15341.apk Binary XML file line #667
01-01 09:36:28.858   472   472 W PackageParser: Ignoring duplicate uses-permissions/uses-permissions-sdk-m: android.permission.READ_CONTACTS in package: com.android.bluetooth at: Binary XML file line #61
01-01 09:36:28.860   472   472 W PackageParser: No actions in intent filter at /system/app/Bluetooth/Bluetooth.apk Binary XML file line #223
01-01 09:36:29.055   472   472 W PackageManager: Non-privileged app; cap priority to 0; package: com.android.cts.ctsshim activity: com.android.cts.ctsshim.InstallPriority origPrio: 100
01-01 09:36:29.055   472   472 W PackageManager: Non-privileged app; cap priority to 0; package: com.android.cts.ctsshim activity: com.android.cts.ctsshim.InstallPriority origPrio: 100
01-01 09:36:29.055   472   472 W PackageManager: Non-privileged app; cap priority to 0; package: com.android.cts.ctsshim activity: com.android.cts.ctsshim.InstallPriority origPrio: 100
01-01 09:36:29.055   472   472 W PackageManager: Non-privileged app; cap priority to 0; package: com.android.cts.ctsshim activity: com.android.cts.ctsshim.InstallPriority origPrio: 100
01-01 09:36:29.055   472   472 W PackageManager: Non-privileged app; cap priority to 0; package: com.android.cts.ctsshim activity: com.android.cts.ctsshim.InstallPriority origPrio: 100
01-01 09:36:29.670   472   472 W PackageParser: No actions in intent filter at /system/app/Gmail2/Gmail2.apk Binary XML file line #404
01-01 09:36:29.679   472   472 W PackageParser: No actions in intent filter at /system/app/Gmail2/Gmail2.apk Binary XML file line #754
01-01 09:36:29.692   472   472 W PackageManager: Permission com.google.android.gm.email.permission.READ_ATTACHMENT from package com.google.android.gm in an unknown group android.permission-group.MESSAGES
01-01 09:36:29.692   472   472 W PackageManager: Permission com.google.android.gm.permission.READ_GMAIL from package com.google.android.gm in an unknown group android.permission-group.MESSAGES
01-01 09:36:29.692   472   472 W PackageManager: Permission com.google.android.gm.permission.WRITE_GMAIL from package com.google.android.gm in an unknown group android.permission-group.MESSAGES
01-01 09:36:29.692   472   472 W PackageManager: Permission com.google.android.gm.permission.AUTO_SEND from package com.google.android.gm in an unknown group android.permission-group.MESSAGES
01-01 09:36:29.692   472   472 W PackageManager: Permission com.google.android.gm.permission.READ_CONTENT_PROVIDER from package com.google.android.gm in an unknown group android.permission-group.MESSAGES
01-01 09:36:29.712   472   472 W PackageManager: Package com.google.android.ext.shared library android.ext.shared already exists; skipping
01-01 09:36:30.177   472   472 W PackageManager: Unable to update from com.android.inputmethod.latin to com.google.android.inputmethod.latin: old package still exists
01-01 09:36:30.193   472   472 W PackageParser: Ignoring duplicate uses-permissions/uses-permissions-sdk-m: android.permission.ACCESS_WIFI_STATE in package: com.example.launcher_99 at: Binary XML file line #21
01-01 09:36:30.409   472   472 W PackageParser: Ignoring duplicate uses-permissions/uses-permissions-sdk-m: android.permission.ACCESS_FINE_LOCATION in package: com.google.android.music at: Binary XML file line #99
01-01 09:36:30.693   472   472 W PackageParser: Unknown element under <manifest>: meta-data at /system/app/MxPlayer/MX_Player_v1.10.51.apk Binary XML file line #74
01-01 09:36:31.846   472   472 W PackageParser: No actions in intent filter at /system/app/WPS/WPS_v11.6.apk Binary XML file line #4508
01-01 09:36:32.089   472   472 E PackageManager: There should probably be exactly one setup wizard; found 2: matches=[ResolveInfo{bb4999f com.google.android.setupwizard/.SetupWizardActivity p=5 m=0x108000}, ResolveInfo{2ae0aec com.android.provision/.DefaultActivity p=1 m=0x108000}]
01-01 09:36:32.089   472   472 W PackageManager: Protected action; cap priority to 0; package: com.android.cts.priv.ctsshim activity: com.android.cts.priv.ctsshim.InstallPriority origPrio: 100
01-01 09:36:32.089   472   472 W PackageManager: Protected action; cap priority to 0; package: com.android.cts.priv.ctsshim activity: com.android.cts.priv.ctsshim.InstallPriority origPrio: 100
01-01 09:36:32.089   472   472 W PackageManager: Protected action; cap priority to 0; package: com.android.cts.priv.ctsshim activity: com.android.cts.priv.ctsshim.InstallPriority origPrio: 100
01-01 09:36:32.089   472   472 W PackageManager: Protected action; cap priority to 0; package: com.android.cts.priv.ctsshim activity: com.android.cts.priv.ctsshim.InstallPriority origPrio: 100
01-01 09:36:32.089   472   472 W PackageManager: Protected action; cap priority to 0; package: com.google.android.gms activity: com.google.android.gms.appinvite.AppInviteAcceptInvitationActivity origPrio: 900
01-01 09:36:32.089   472   472 W PackageManager: Protected action; cap priority to 0; package: com.google.android.gms activity: com.google.android.gms.matchstick.ui.EntryActivity origPrio: 999
01-01 09:36:32.089   472   472 W PackageManager: Protected action; cap priority to 0; package: com.google.android.gms activity: com.google.android.gms.tapandpay.tokenization.AddNewCardThroughBrowserActivity origPrio: 999
01-01 09:36:32.089   472   472 W PackageManager: Protected action; cap priority to 0; package: com.google.android.gms activity: com.google.android.gms.walletp2p.feature.transfer.TransferMoneyActivity origPrio: 900
01-01 09:36:32.089   472   472 W PackageManager: Protected action; cap priority to 0; package: com.android.packageinstaller activity: com.android.packageinstaller.PackageInstallerActivity origPrio: 1
01-01 09:36:32.090   472   472 W PackageManager: Protected action; cap priority to 0; package: com.google.android.setupwizard activity: com.google.android.setupwizard.util.WebDialogActivity origPrio: 5
01-01 09:36:32.090   472   472 W PackageManager: Protected action; cap priority to 0; package: com.google.android.setupwizard activity: com.google.android.setupwizard.util.SecureInterceptActivity origPrio: 5
01-01 09:36:32.090   472   472 W PackageManager: Protected action; cap priority to 0; package: com.google.android.setupwizard activity: com.google.android.setupwizard.util.SecureInterceptActivity origPrio: 5
01-01 09:36:32.090   472   472 W PackageManager: Package com.google.android.googlequicksearchbox desires unavailable shared library com.google.android.chromeos; ignoring!
01-01 09:36:32.090   472   472 W PackageManager: Package com.mxtech.videoplayer.ad desires unavailable shared library com.sec.android.app.multiwindow; ignoring!
01-01 09:36:32.090   472   472 W PackageManager: Package com.google.android.gms desires unavailable shared library com.google.android.ble; ignoring!
01-01 09:36:32.090   472   472 W PackageManager: Package com.google.android.gms desires unavailable shared library com.google.android.wearable; ignoring!
01-01 09:36:32.090   472   472 W PackageManager: Package com.amazon.avod.thirdpartyclient desires unavailable shared library com.amazon.client.metrics.api; ignoring!
01-01 09:36:32.091   472   472 I PackageManager: Adjusting ABI for com.google.android.gsf.login to armeabi-v7a (requirer=com.google.android.gms, scannedPackage=null)
01-01 09:36:32.092   472   472 I PackageManager: Adjusting ABI for com.google.android.gsf to armeabi-v7a (requirer=com.google.android.gms, scannedPackage=null)
01-01 09:36:32.093   472   472 I PackageManager: Adjusting ABI for com.android.settings to armeabi-v7a (requirer=android, scannedPackage=null)
01-01 09:36:32.094   472   472 I PackageManager: Adjusting ABI for com.example.changeled to armeabi-v7a (requirer=android, scannedPackage=null)
01-01 09:36:32.094   472   472 I PackageManager: Adjusting ABI for com.android.keychain to armeabi-v7a (requirer=android, scannedPackage=null)
01-01 09:36:32.095   472   472 I PackageManager: Adjusting ABI for com.android.providers.settings to armeabi-v7a (requirer=android, scannedPackage=null)
01-01 09:36:32.096   472   472 I PackageManager: Adjusting ABI for com.android.location.fused to armeabi-v7a (requirer=android, scannedPackage=null)
01-01 09:36:32.096   472   472 I PackageManager: Adjusting ABI for com.android.inputdevices to armeabi-v7a (requirer=android, scannedPackage=null)
01-01 09:36:32.097   472   472 I PackageManager: Adjusting ABI for com.android.wallpaperbackup to armeabi-v7a (requirer=android, scannedPackage=null)
01-01 09:36:32.098   472   472 I PackageManager: Adjusting ABI for com.rockchip.wfd to armeabi-v7a (requirer=android, scannedPackage=null)
01-01 09:36:32.112   472   472 I PackageManager: Time to scan packages: 6.825 seconds
01-01 09:36:32.112   472   472 W PackageManager: Unknown permission com.google.android.launcher.permission.CONTENT_REDIRECT in package com.google.android.googlequicksearchbox
01-01 09:36:32.112   472   472 W PackageManager: Unknown permission com.google.android.voicesearch.SHORTCUTS_ACCESS in package com.google.android.googlequicksearchbox
01-01 09:36:32.112   472   472 W PackageManager: Unknown permission com.google.android.voicesearch.ACCESS_SETTINGS in package com.google.android.googlequicksearchbox
01-01 09:36:32.113   472   472 W PackageManager: Unknown permission com.google.android.ears.permission.WRITE in package com.google.android.googlequicksearchbox
01-01 09:36:32.113   472   472 W PackageManager: Unknown permission com.google.googlenav.friend.permission.OPT_IN in package com.google.android.googlequicksearchbox
01-01 09:36:32.113   472   472 W PackageManager: Unknown permission com.google.android.apps.maps.permission.PREFETCH in package com.google.android.googlequicksearchbox
01-01 09:36:32.113   472   472 W PackageManager: Unknown permission com.google.android.apps.googlevoice.permission.AUTO_SEND in package com.google.android.googlequicksearchbox
01-01 09:36:32.113   472   472 W PackageManager: Unknown permission com.google.android.hangouts.START_HANGOUT in package com.google.android.googlequicksearchbox
01-01 09:36:32.113   472   472 W PackageManager: Unknown permission com.android.chrome.PRERENDER_URL in package com.google.android.googlequicksearchbox
01-01 09:36:32.113   472   472 W PackageManager: Unknown permission android.permission.ACCESS_ALL_EXTERNAL_STORAGE in package com.example.changeled
01-01 09:36:32.114   472   472 W PackageManager: Unknown permission android.permission.FOREGROUND_SERVICE in package com.hulu.plus
01-01 09:36:32.114   472   472 W PackageManager: Unknown permission com.google.android.finsky.permission.BIND_GET_INSTALL_REFERRER_SERVICE in package com.hulu.plus
01-01 09:36:32.114   472   472 W PackageManager: Not granting permission android.permission.ACCESS_DOWNLOAD_MANAGER to package com.android.browser (protectionLevel=18 flags=0x3809be45)
01-01 09:36:32.114   472   472 W PackageManager: Not granting permission android.permission.SEND_DOWNLOAD_COMPLETED_INTENTS to package com.android.browser (protectionLevel=2 flags=0x3809be45)
01-01 09:36:32.115   472   472 W PackageManager: Not granting permission android.permission.SEND_DOWNLOAD_COMPLETED_INTENTS to package com.android.vending (protectionLevel=2 flags=0x384abe45)
01-01 09:36:32.115   472   472 I PackageManager: Un-granting permission android.permission.INSTALL_GRANT_RUNTIME_PERMISSIONS from package com.android.vending (protectionLevel=770 flags=0x384abe45)
01-01 09:36:32.115   472   472 I PackageManager: Un-granting permission android.permission.GRANT_RUNTIME_PERMISSIONS from package com.android.vending (protectionLevel=770 flags=0x384abe45)
01-01 09:36:32.115   472   472 I PackageManager: Un-granting permission android.permission.REVOKE_RUNTIME_PERMISSIONS from package com.android.vending (protectionLevel=770 flags=0x384abe45)
01-01 09:36:32.115   472   472 W PackageManager: Not granting permission android.permission.SET_PREFERRED_APPLICATIONS to package com.android.vending (protectionLevel=2 flags=0x384abe45)
01-01 09:36:32.115   472   472 W PackageManager: Unknown permission android.permission.ACCESS_INSTANT_APPS in package com.android.vending
01-01 09:36:32.115   472   472 W PackageManager: Unknown permission android.permission.ALLOCATE_AGGRESSIVE in package com.android.vending
01-01 09:36:32.115   472   472 W PackageManager: Unknown permission com.sec.android.provider.badge.permission.READ in package com.android.vending
01-01 09:36:32.115   472   472 W PackageManager: Unknown permission com.sec.android.provider.badge.permission.WRITE in package com.android.vending
01-01 09:36:32.115   472   472 W PackageManager: Unknown permission com.htc.launcher.permission.READ_SETTINGS in package com.android.vending
01-01 09:36:32.115   472   472 W PackageManager: Unknown permission com.htc.launcher.permission.UPDATE_SHORTCUT in package com.android.vending
01-01 09:36:32.115   472   472 W PackageManager: Unknown permission com.sonyericsson.home.permission.BROADCAST_BADGE in package com.android.vending
01-01 09:36:32.115   472   472 W PackageManager: Unknown permission com.sonymobile.home.permission.PROVIDER_INSERT_BADGE in package com.android.vending
01-01 09:36:32.116   472   472 W PackageManager: Unknown permission com.anddoes.launcher.permission.UPDATE_COUNT in package com.android.vending
01-01 09:36:32.116   472   472 W PackageManager: Unknown permission com.majeur.launcher.permission.UPDATE_BADGE in package com.android.vending
01-01 09:36:32.116   472   472 W PackageManager: Unknown permission com.huawei.android.launcher.permission.CHANGE_BADGE in package com.android.vending
01-01 09:36:32.116   472   472 W PackageManager: Unknown permission com.huawei.android.launcher.permission.READ_SETTINGS in package com.android.vending
01-01 09:36:32.116   472   472 W PackageManager: Unknown permission com.huawei.android.launcher.permission.WRITE_SETTINGS in package com.android.vending
01-01 09:36:32.116   472   472 W PackageManager: Unknown permission android.permission.READ_APP_BADGE in package com.android.vending
01-01 09:36:32.116   472   472 W PackageManager: Unknown permission com.oppo.launcher.permission.READ_SETTINGS in package com.android.vending
01-01 09:36:32.116   472   472 W PackageManager: Unknown permission com.oppo.launcher.permission.WRITE_SETTINGS in package com.android.vending
01-01 09:36:32.116   472   472 W PackageManager: Unknown permission com.google.android.calendar.permission.READ_OOBE in package com.google.android.gm
01-01 09:36:32.117   472   472 W PackageManager: Unknown permission com.google.android.email.permission.ACCESS_PROVIDER in package com.google.android.gm
01-01 09:36:32.117   472   472 W PackageManager: Unknown permission com.google.android.gm.exchange.BIND in package com.google.android.gm
01-01 09:36:32.117   472   472 W PackageManager: Unknown permission com.android.email.partnerprovider.PARTNER_PROVIDER in package com.google.android.gm
01-01 09:36:32.117   472   472 W PackageManager: Not granting permission android.permission.PEERS_MAC_ADDRESS to package com.google.android.setupwizard (protectionLevel=2050 flags=0x38483e05)
01-01 09:36:32.117   472   472 W PackageManager: Not granting permission android.permission.UPDATE_LOCK_TASK_PACKAGES to package com.google.android.setupwizard (protectionLevel=2050 flags=0x38483e05)
01-01 09:36:32.117   472   472 W PackageManager: Unknown permission com.samsung.android.providers.context.permission.WRITE_USE_APP_FEATURE_SURVEY in package com.google.android.music
01-01 09:36:32.117   472   472 W PackageManager: Not granting permission android.permission.MOUNT_UNMOUNT_FILESYSTEMS to package com.hpplay.happyplay.aw (protectionLevel=18 flags=0x38183e45)
01-01 09:36:32.118   472   472 W PackageManager: Unknown permission android.uid.system.permission.INSTALL_PACKAGES in package com.hpplay.happyplay.aw
01-01 09:36:32.118   472   472 W PackageManager: Unknown permission android.permission.READ_SETTINGS in package com.hpplay.happyplay.aw
01-01 09:36:32.118   472   472 W PackageManager: Not granting permission android.permission.READ_LOGS to package com.hpplay.happyplay.aw (protectionLevel=50 flags=0x38183e45)
01-01 09:36:32.118   472   472 W PackageManager: Unknown permission android.permission.RAISED_THREAD_PRIORITY in package com.hpplay.happyplay.aw
01-01 09:36:32.118   472   472 W PackageManager: Unknown permission android.permission.ACCESS_SUPERUSER in package com.hpplay.happyplay.aw
01-01 09:36:32.118   472   472 W PackageManager: Unknown permission com.mstar.android.permissionn.ACCESS_TV_DATA in package com.hpplay.happyplay.aw
01-01 09:36:32.118   472   472 W PackageManager: Unknown permission droidlogic.permission.SYSTEM_CONTROL in package com.hpplay.happyplay.aw
01-01 09:36:32.118   472   472 W PackageManager: Unknown permission com.rockchips.mediacenter.localscan.PROTECT in package com.rockchips.mediacenter
01-01 09:36:32.118   472   472 W PackageManager: Unknown permission com.rockchips.android.airsharing.PROTECT in package com.rockchips.mediacenter
01-01 09:36:32.118   472   472 W PackageManager: Unknown permission com.android.permission.airsharing_play_interface in package com.rockchips.mediacenter
01-01 09:36:32.118   472   472 W PackageManager: Unknown permission com.android.permission.airsharing_mediabrowser_interface in package com.rockchips.mediacenter
01-01 09:36:32.118   472   472 W PackageManager: Unknown permission com.rockchips.mediacenter.dlna_server in package com.rockchips.mediacenter
01-01 09:36:32.118   472   472 W PackageManager: Unknown permission com.rockchips.mediacenter.localscan_server in package com.rockchips.mediacenter
01-01 09:36:32.118   472   472 W PackageManager: Unknown permission com.android.rockchips.permission.MEDIACENTER_SEND_RECV in package com.rockchips.mediacenter
01-01 09:36:32.118   472   472 W PackageManager: Unknown permission android.permission.ACCESS_SUPERUSER in package com.rockchips.mediacenter
01-01 09:36:32.118   472   472 W PackageManager: Not granting permission android.permission.WRITE_MEDIA_STORAGE to package com.estrongs.android.pop (protectionLevel=18 flags=0x3858be45)
01-01 09:36:32.119   472   472 W PackageManager: Unknown permission android.permission.ACCESS_SUPERUSER in package com.estrongs.android.pop
01-01 09:36:32.119   472   472 W PackageManager: Unknown permission .PERMISSION in package com.estrongs.android.pop
01-01 09:36:32.119   472   472 W PackageManager: Not granting permission android.permission.CLEAR_APP_CACHE to package com.estrongs.android.pop (protectionLevel=18 flags=0x3858be45)
01-01 09:36:32.119   472   472 W PackageManager: Unknown permission android.permission.FOREGROUND_SERVICE in package com.estrongs.android.pop
01-01 09:36:32.119   472   472 W PackageManager: Unknown permission com.google.android.finsky.permission.BIND_GET_INSTALL_REFERRER_SERVICE in package com.mxtech.videoplayer.ad
01-01 09:36:32.119   472   472 W PackageManager: Unknown permission com.google.android.apps.enterprise.dmagent.permission.AutoSyncPermission in package com.google.android.gms
01-01 09:36:32.120   472   472 W PackageManager: Unknown permission com.google.android.hangouts.START_HANGOUT in package com.google.android.gms
01-01 09:36:32.120   472   472 W PackageManager: Unknown permission com.google.android.permission.ACCESSIBILITY_SCAN_SERVICE in package com.google.android.gms
01-01 09:36:32.120   472   472 W PackageManager: Unknown permission android.permission.ACTIVITY_EMBEDDING in package com.google.android.gms
01-01 09:36:32.120   472   472 W PackageManager: Unknown permission android.permission.PROVIDE_RESOLVER_RANKER_SERVICE in package com.google.android.gms
01-01 09:36:32.120   472   472 W PackageManager: Unknown permission com.google.android.wearable.READ_SETTINGS in package com.google.android.gms
01-01 09:36:32.120   472   472 W PackageManager: Unknown permission android.permission.MANAGE_SUBSCRIPTION_PLANS in package com.google.android.gms
01-01 09:36:32.121   472   472 W PackageManager: Unknown permission android.permission.ADD_VOICEMAIL in package com.google.android.ims
01-01 09:36:32.121   472   472 W PackageManager: Unknown permission android.permission.BIND_IMS_SERVICE in package com.google.android.ims
01-01 09:36:32.121   472   472 W PackageManager: Unknown permission com.google.android.apps.messaging.services.ACCESS_JIBESERVICE in package com.google.android.ims
01-01 09:36:32.121   472   472 W PackageManager: Unknown permission com.google.android.finsky.permission.BIND_GET_INSTALL_REFERRER_SERVICE in package tv.twitch.android.app
01-01 09:36:32.121   472   472 W PackageManager: Unknown permission com.android.launcher.permission.PRELOAD_WORKSPACE in package com.google.android.partnersetup
01-01 09:36:32.121   472   472 W PackageManager: Unknown permission com.google.android.permission.INSTALL_WEARABLE_PACKAGES in package com.android.packageinstaller
01-01 09:36:32.121   472   472 W PackageManager: Not granting permission android.permission.DELETE_PACKAGES to package com.svox.pico (protectionLevel=18 flags=0x3808be45)
01-01 09:36:32.121   472   472 W PackageManager: Unknown permission com.netflix.partner.activation.permission.CHANNEL_ID in package com.netflix.mediaclient
01-01 09:36:32.121   472   472 W PackageManager: Unknown permission com.amazon.permission.SET_FLAG_NOSOFTKEYS in package com.netflix.mediaclient
01-01 09:36:32.122   472   472 W PackageManager: Unknown permission android.permission.FOREGROUND_SERVICE in package com.amazon.avod.thirdpartyclient
01-01 09:36:32.122   472   472 W PackageManager: Unknown permission com.amazon.CONTENT_PROVIDER_ACCESS in package com.amazon.avod.thirdpartyclient
01-01 09:36:32.122   472   472 W PackageManager: Unknown permission com.samsung.permission.USE_MHDR_SERVICE in package com.amazon.avod.thirdpartyclient
01-01 09:36:32.122   472   472 W PackageManager: Unknown permission com.samsung.android.app.spage.permission.WRITE_CARD_DATA in package com.amazon.avod.thirdpartyclient
01-01 09:36:32.122   472   472 W PackageManager: Unknown permission com.samsung.android.app.spage.permission.READ_CARD_DATA in package com.amazon.avod.thirdpartyclient
01-01 09:36:32.122   472   472 W PackageManager: Unknown permission amazon.permission.COLLECT_METRICS in package com.amazon.avod.thirdpartyclient
01-01 09:36:32.122   472   472 W PackageManager: Unknown permission com.amazon.dcp.metrics.permission.METRICS_PERMISSION in package com.amazon.avod.thirdpartyclient
01-01 09:36:32.122   472   472 W PackageManager: Unknown permission com.amazon.dcp.config.permission.DYN_CONFIG_VALUES_UPDATED in package com.amazon.avod.thirdpartyclient
01-01 09:36:32.122   472   472 W PackageManager: Unknown permission com.amazon.identity.permission.GENERIC_IPC in package com.amazon.avod.thirdpartyclient
01-01 09:36:32.122   472   472 W PackageManager: Unknown permission com.amazon.dcp.sso.permission.USE_DEVICE_CREDENTIALS in package com.amazon.avod.thirdpartyclient
01-01 09:36:32.122   472   472 W PackageManager: Unknown permission com.amazon.dcp.sso.permission.MANAGE_COR_PFM in package com.amazon.avod.thirdpartyclient
01-01 09:36:32.122   472   472 W PackageManager: Unknown permission com.amazon.dcp.sso.permission.CUSTOMER_ATTRIBUTE_SERVICE in package com.amazon.avod.thirdpartyclient
01-01 09:36:32.122   472   472 W PackageManager: Unknown permission com.google.android.finsky.permission.BIND_GET_INSTALL_REFERRER_SERVICE in package com.amazon.avod.thirdpartyclient
01-01 09:36:32.122   472   472 W PackageManager: Not granting permission android.permission.CONTROL_KEYGUARD to package com.google.android.gsf.login (protectionLevel=2 flags=0x3048be45)
01-01 09:36:32.122   472   472 W PackageManager: Unknown permission com.android.vending.billing.IBillingAccountService.BIND2 in package com.google.android.gsf.login
01-01 09:36:32.123   472   472 W PackageManager: Unknown permission com.android.chrome.TOS_ACKED in package com.google.android.gsf.login
01-01 09:36:32.123   472   472 W PackageManager: Unknown permission com.android.launcher.permission.READ_SETTINGS in package com.android.settings
01-01 09:36:32.123   472   472 W PackageManager: Unknown permission com.android.launcher.permission.WRITE_SETTINGS in package com.android.settings
01-01 09:36:32.124   472   472 W PackageManager: Unknown permission com.google.android.gallery3d.permission.GALLERY_PROVIDER in package com.android.bluetooth
01-01 09:36:32.124   472   472 W PackageManager: Unknown permission com.android.gallery3d.permission.GALLERY_PROVIDER in package com.android.bluetooth
01-01 09:36:32.124   472   472 W PackageManager: Unknown permission com.huawei.pcassistant.permisssion.HANDOFF_SDK_SERVICE in package cn.wps.moffice_eng
01-01 09:36:32.124   472   472 W PackageManager: Unknown permission com.huawei.permission.HANDOFF in package cn.wps.moffice_eng
01-01 09:36:32.125   472   472 W PackageManager: Not granting permission com.google.android.providers.gsf.permission.WRITE_GSERVICES to package cn.wps.moffice_eng (protectionLevel=18 flags=0x3858be45)
01-01 09:36:32.125   472   472 W PackageManager: Unknown permission com.huawei.permission.VASSIST_DESKTOP in package cn.wps.moffice_eng
01-01 09:36:32.125   472   472 W PackageManager: Unknown permission com.google.android.finsky.permission.BIND_GET_INSTALL_REFERRER_SERVICE in package cn.wps.moffice_eng
01-01 09:36:32.125   472   472 V PackageManager: reconcileAppsData for null u0 0x3
01-01 09:36:32.770   472   472 V PackageManager: reconcileAppsData finished 79 packages
01-01 09:36:33.026   472   472 V PackageManager: Ephemeral resolver found; pkg: com.google.android.gms, info:ResolveInfo{9f6beb5 com.google.android.gms/.chimera.PersistentBoundBrokerService m=0x108000}
01-01 09:36:33.026   472   472 I PackageManager: Ephemeral deactivated; missing installer
01-01 09:36:33.083   472   472 I SystemServer: StartOtaDexOptService
01-01 09:36:33.085   472   472 I SystemServer: StartUserManagerService
01-01 09:36:33.085   472   472 I SystemServiceManager: Starting com.android.server.pm.UserManagerService$LifeCycle
01-01 09:36:33.119   472   472 I SystemServiceManager: Starting com.android.server.BatteryService
01-01 09:36:33.174   472   489 E BatteryStatsService: no controller energy info supplied
01-01 09:36:33.179   472   489 I BatteryStatsImpl: Resetting battery stats: level=99 status=4 dischargeLevel=99 lowAmount=0 highAmount=0
01-01 09:36:33.180   472   472 I SystemServiceManager: Starting com.android.server.usage.UsageStatsService
01-01 09:36:33.227   472   472 I SystemServiceManager: Starting com.android.server.webkit.WebViewUpdateService
01-01 09:36:33.246   472   472 I SystemServer: isBox stop some start....
01-01 09:36:33.246   472   472 I SystemServer: Reading configuration...
01-01 09:36:33.247   472   472 I SystemServer: StartSchedulingPolicyService
01-01 09:36:33.249   472   472 I SystemServiceManager: Starting com.android.server.telecom.TelecomLoaderService
01-01 09:36:33.257   472   472 I SystemServer: StartTelephonyRegistry
01-01 09:36:33.262   472   472 I SystemServer: StartEntropyMixer
01-01 09:36:33.266   472   472 I EntropyMixer: Writing entropy...
01-01 09:36:33.280   472   472 I SystemServer: Camera Service
01-01 09:36:33.287   472   472 I SystemServiceManager: Starting com.android.server.camera.CameraService
01-01 09:36:33.296   472   503 I ServiceThread: Enabled StrictMode logging for CameraService_proxy looper.
01-01 09:36:33.298   472   472 I SystemServer: StartAccountManagerService
01-01 09:36:33.303   472   472 I SystemServiceManager: Starting com.android.server.accounts.AccountManagerService$Lifecycle
01-01 09:36:33.338   472   472 I SystemServer: StartContentService
01-01 09:36:33.350   472   472 I SystemServiceManager: Starting com.android.server.content.ContentService$Lifecycle
01-01 09:36:33.365   472   472 I SystemServer: InstallSystemProviders
01-01 09:36:33.448   472   472 I SystemServer: StartConsumerIrService
01-01 09:36:33.451   472   472 I SystemServer: StartAlarmManagerService
01-01 09:36:33.452   472   472 I SystemServiceManager: Starting com.android.server.AlarmManagerService
01-01 09:36:33.470   472   472 I SystemServer: InitWatchdog
01-01 09:36:33.471   472   472 I SystemServer: StartInputManagerService
01-01 09:36:33.478   472   472 I InputManager: Initializing input manager, mUseDevInputEventForAudioJack=false
01-01 09:36:33.479   472   472 I SystemServer: StartWindowManagerService
01-01 09:36:33.578   472   493 I WindowManager: No existing display settings /data/system/display_settings.xml; starting empty
01-01 09:36:33.642   472   472 I SystemServer: StartVrManagerService
01-01 09:36:33.642   472   472 I SystemServiceManager: Starting com.android.server.vr.VrManagerService
01-01 09:36:33.653   472   472 I InputManager: Starting input manager
01-01 09:36:33.660   472   472 I SystemServiceManager: Starting com.android.server.BluetoothService
01-01 09:36:33.680   472   472 D BluetoothManagerService: Loading stored name and address
01-01 09:36:33.680   472   472 D BluetoothManagerService: Stored bluetooth Name=rksdk,Address=22:22:D7:37:92:74
01-01 09:36:33.680   472   472 D BluetoothManagerService: Bluetooth persisted state: 0
01-01 09:36:33.680   472   472 I SystemServer: ConnectivityMetricsLoggerService
01-01 09:36:33.681   472   472 I SystemServiceManager: Starting com.android.server.connectivity.MetricsLoggerService
01-01 09:36:33.686   472   472 I SystemServer: IpConnectivityMetrics
01-01 09:36:33.687   472   472 I SystemServiceManager: Starting com.android.server.connectivity.IpConnectivityMetrics
01-01 09:36:33.691   472   472 I SystemServer: PinnerService
01-01 09:36:33.691   472   472 I SystemServiceManager: Starting com.android.server.PinnerService
01-01 09:36:33.693   472   472 I SystemServiceManager: Starting com.android.server.InputMethodManagerService$Lifecycle
01-01 09:36:33.693   472   485 E PinnerService: Could not pin file /system/framework/arm/boot-framework.oat with error open failed: ENOENT (No such file or directory)
01-01 09:36:33.693   472   485 E PinnerService: Failed to pin file = /system/framework/arm/boot-framework.oat
01-01 09:36:33.694   472   485 E PinnerService: Could not pin file /system/framework/oat/arm/services.odex with error open failed: ENOENT (No such file or directory)
01-01 09:36:33.694   472   485 E PinnerService: Failed to pin file = /system/framework/oat/arm/services.odex
01-01 09:36:33.694   472   485 E PinnerService: Could not pin file /system/framework/arm/boot.oat with error open failed: ENOENT (No such file or directory)
01-01 09:36:33.694   472   485 E PinnerService: Failed to pin file = /system/framework/arm/boot.oat
01-01 09:36:33.694   472   485 E PinnerService: Could not pin file /system/framework/arm/boot-core-libart.oat with error open failed: ENOENT (No such file or directory)
01-01 09:36:33.694   472   485 E PinnerService: Failed to pin file = /system/framework/arm/boot-core-libart.oat
01-01 09:36:33.832   472   472 I SystemServer: StartAccessibilityManagerService
01-01 09:36:33.862   472   472 I ActivityManager: Config changes=1df8 {1.0 ?mcc?mnc [en_US] ldltr sw640dp w1152dp h640dp 120dpi lrg long land ?uimode ?night -touch -keyb/v/h dpad/v s.2}
01-01 09:36:33.877   472   485 I UsageStatsService: User[0] Rollover scheduled @ 2011-01-02 09:36:33(1293978993863)
01-01 09:36:33.878   472   493 I ActivityManager: Config changes=400 {1.0 ?mcc?mnc [en_US] ldltr sw640dp w1152dp h568dp 120dpi lrg long land ?uimode ?night -touch -keyb/v/h dpad/v s.3}
01-01 09:36:33.910   472   472 I SystemServiceManager: Starting com.android.server.MountService$Lifecycle
01-01 09:36:33.925   472   472 I SystemServer: start UiModeManagerService.
01-01 09:36:33.925   472   472 I SystemServiceManager: Starting com.android.server.UiModeManagerService
