01-01 09:36:35.905   472   520 D VoldConnector: RCV <- {656 emulated /data/media}
01-01 09:36:35.906   472   520 D VoldConnector: RCV <- {655 emulated /storage/emulated}
01-01 09:36:35.954   154   163 V vold    : Waiting for FUSE to spin up...
01-01 09:36:35.986   472   608 D UsbHostManager: Added device UsbDevice[mName=/dev/bus/usb/001/003,mVendorId=3034,mProductId=46880,mClass=239,mSubclass=2,mProtocol=1,mManufacturerName=Realtek,mProductName=802.11n WLAN Adapter,mVersion=2.16,mSerialNumber=00e04c000001,mConfigurations=[
01-01 09:36:35.986   472   608 D UsbHostManager: UsbConfiguration[mId=1,mName=null,mAttributes=224,mMaxPower=250,mInterfaces=[
01-01 09:36:35.986   472   608 D UsbHostManager: UsbInterface[mId=0,mAlternateSetting=0,mName=Bluetooth Radio,mClass=224,mSubclass=1,mProtocol=1,mEndpoints=[
01-01 09:36:35.986   472   608 D UsbHostManager: UsbEndpoint[mAddress=129,mAttributes=3,mMaxPacketSize=16,mInterval=4]
01-01 09:36:35.986   472   608 D UsbHostManager: UsbEndpoint[mAddress=2,mAttributes=2,mMaxPacketSize=512,mInterval=0]
01-01 09:36:35.986   472   608 D UsbHostManager: UsbEndpoint[mAddress=130,mAttributes=2,mMaxPacketSize=512,mInterval=0]]
01-01 09:36:35.986   472   608 D UsbHostManager: UsbInterface[mId=1,mAlternateSetting=0,mName=Bluetooth Radio,mClass=224,mSubclass=1,mProtocol=1,mEndpoints=[
01-01 09:36:35.986   472   608 D UsbHostManager: UsbEndpoint[mAddress=3,mAttributes=1,mMaxPacketSize=0,mInterval=4]
01-01 09:36:35.986   472   608 D UsbHostManager: UsbEndpoint[mAddress=131,mAttributes=1,mMaxPacketSize=0,mInterval=4]]
01-01 09:36:35.986   472   608 D UsbHostManager: UsbInterface[mId=1,mAlternateSetting=1,mName=Bluetooth Radio,mClass=224,mSubclass=1,mProtocol=1,mEndpoints=[
k3121 09:36:35.986   472   608 D UsbHostManager: UsbEndpoint[mAddress=3,mAttributes=1,mMaxPacketSize=[9, m 802I.n8t6e88rva34l]= 4r]
    x0-1l-c0d1c 09: 3l6c:d35.986   472   608 D UsbHostManager: UsbEndpoinc0t:[m wAdidnr0es:new_adsd=r1:301x,1m0A3t2trai0b0u0t ecsu=r1_,amMaxPacketSdidzre:0=x910,1mI9n5t0e0rv0a-l]=14]

01-01 09:36:35.986   472   608 D UsbHostManager: UsbInterface[mId=1,mAlternateSetting=2,mName=Bluetooth Radio,mClass=224,mSubclass=1,mProtocol=1,mEndpoints=[
01-01 09:36:35.986   472   608 D UsbHostManager: UsbEndpoint[mAddress=3,mAttributes=1,mMaxPacketSize=17,mInterval=4]
01-01 09:36:35.986   472   608 D UsbHostManager: UsbEndpoint[mAddress=131,mAttributes=1,mMaxPacketSize=17,mInterval=4]]
01-01 09:36:35.986   472   608 D UsbHostManager: UsbInterface[mId=1,mAlternateSetting=3,mName=Bluetooth Radio,mClass=224,mSubclass=1,mProtocol=1,mEndpoints=[
01-01 09:36:35.986   472   608 D UsbHostManager: UsbEndpoint[mAddress=3,mAttributes=1,mMaxPacketSize=25,mInterval=4]
01-01 09:36:35.986   472   608 D UsbHostManager: UsbEndpoint[mAddress=131,mAttributes=1,mMaxPacketSize=25,mInterval=4]]
01-01 09:36:35.986   472   608 D UsbHostManager: UsbInterface[mId=1,mAlternateSetting=4,mName=Bluetooth Radio,mClass=224,mSubclass=1,mProtocol=1,mEndpoints=[
01-01 09:36:35.986   472   608 D UsbHostManager: UsbEndpoint[mAddress=3,mAttributes=1,mMaxPacketSize=33,mInterval=4]
01-01 09:36:35.986   472   608 D UsbHostManager: UsbEndpoint[mAddress=131,mAttributes=1,mMaxPacketSize=33,mInterval=4]]
01-01 09:36:35.986   472   608 D UsbHostManager: UsbInterface[mId=1,mAlternateSetting=5,mName=Bluetooth Radio,mClass=224,mSubclass=1,mProtocol=1,mEndpoints=[
01-01 09:36:35.986   472   608 D UsbHostManager: UsbEndpoint[mAddress=3,mAttributes=1,mMaxPacketSize=49,mInterval=4]
01-01 09:36:35.986   472   608 D UsbHostManager: UsbEndpoint[mAddress=131,mAttributes=1,mMaxPacketSize=49,mInterval=4]]
01-01 09:36:35.986   472   608 D UsbHostManager: UsbInterface[mId=2,mAlternateSetting=0,mName=802.11n WLAN Adapter,mClass=255,mSubclass=255,mProtocol=255,mEndpoints=[
01-01 09:36:35.986   472   608 D UsbHostManager: UsbEndpoint[mAddress=132,mAttributes=2,mMaxPacketSize=512,mInterval=0]
01-01 09:36:35.986   472   608 D UsbHostManager: UsbEndpoint[mAddress=5,mAttributes=2,mMaxPacketSize=512,mInterval=0]
01-01 09:36:35.986   472   608 D UsbHostManager: UsbEndpoint[mAddress=6,mAttributes=2,mMaxPacketSize=512,mInterval=0]
01-01 09:36:35.986   472   608 D UsbHostManager: UsbEndpoint[mAddress=135,mAttributes=3,mMaxPacketSize=64,mInterval=3]
01-01 09:36:35.986   472   608 D UsbHostManager: UsbEndpoint[mAddress=8,mAttributes=2,mMaxPacketSize=512,mInterval=0]
01-01 09:36:35.986   472   608 D UsbHostManager: UsbEndpoint[mAddress=9,mAttributes=2,mMaxPacketSize=512,mInterval=0]]]]
01-01 09:36:36.005   472   520 D VoldConnector: RCV <- {651 emulated 2}
01-01 09:36:36.005   472   520 D VoldConnector: RCV <- {200 5 Command succeeded}
01-01 09:36:36.159   472   608 W ContextImpl: Calling a method in the system process without a qualified user: android.app.ContextImpl.sendBroadcast:877 com.android.server.usb.UsbSettingsManager.deviceAttached:739 com.android.server.usb.UsbHostManager.endUsbDeviceAdded:225 com.android.server.usb.UsbHostManager.monitorUsbHostBus:-2 com.android.server.usb.UsbHostManager.-wrap0:-1 
01-01 09:36:36.227   472   486 I ActivityManager: Start proc 632:WebViewLoader-armeabi-v7a/1037 [android.webkit.WebViewFactory$RelroFileCreator] for 
01-01 09:36:36.229   472   486 D NetworkManagement: enabling bandwidth control
01-01 09:36:36.235   472   472 D ZenLog  : set_zen_mode: off,conditionChanged
01-01 09:36:36.438   472   487 W WindowManager: Keyguard drawn timeout. Setting mKeyguardDrawComplete
01-01 09:36:36.750   472   486 D NetworkPolicy: setRestrictBackgroundUL(): false
01-01 09:36:36.995   472   486 I SystemServiceManager: Starting phase 600
01-01 09:36:37.001   565   565 V FingerprintManager: FingerprintManagerService was null
01-01 09:36:37.027   472   486 D SensorNotificationService: Cannot obtain dynamic meta sensor, not supported.
01-01 09:36:37.056   472   486 W LocationProviderProxy-network: Odd, no component found for service com.android.location.service.v3.NetworkLocationProvider
01-01 09:36:37.082   472   486 W GeocoderProxy: Odd, no component found for service com.android.location.service.GeocodeProvider
01-01 09:36:37.089   472   486 D LocationManagerService: FLP HAL not supported
01-01 09:36:37.093   472   486 W GeofenceProxy: Odd, no component found for service com.android.location.service.GeofenceProvider
01-01 09:36:37.096   472   486 D LocationManagerService: Hardware Activity-Recognition not supported.
01-01 09:36:37.098   472   486 W ActivityRecognitionProxy: Odd, no component found for service com.android.location.service.ActivityRecognitionProvider
01-01 09:36:37.099   472   538 E ActivityThread: Failed to find provider info for com.android.calendar
01-01 09:36:37.111   472   538 E ActivityThread: Failed to find provider info for com.android.calendar
01-01 09:36:37.132   472   486 I MmsServiceBroker: Delay connecting to MmsService until an API is called
01-01 09:36:37.158   472   486 I ActivityManager: Force stopping com.android.providers.media appid=10006 user=-1: vold reset
01-01 09:36:37.165   472   486 W KeyguardServiceDelegate: onScreenTurningOn(): no keyguard service!
01-01 09:36:37.169   472   486 I SystemServiceManager: Starting phase 1000
01-01 09:36:37.225   472   486 I ActivityManager: Start proc 728:android.ext.services/u0a7 for on-hold
01-01 09:36:37.228   472   486 D ActivityManager: Finishing user boot 0
01-01 09:36:37.230   472   486 D CryptdConnector: SND -> {3 cryptfs prepare_user_storage ! 0 0 2}
01-01 09:36:37.231   154   164 D vold    : e4crypt_prepare_user_storage for volume null, user 0, serial 0, flags 2
01-01 09:36:37.231   154   164 D vold    : Preparing: /data/system_ce/0
01-01 09:36:37.232   154   164 D vold    : Preparing: /data/misc_ce/0
01-01 09:36:37.232   154   164 D vold    : Preparing: /data/media/0
01-01 09:36:37.232   154   164 D vold    : Preparing: /data/data
01-01 09:36:37.235   472   521 D CryptdConnector: RCV <- {200 3 Command succeeded}
01-01 09:36:37.236   472   486 V UserManagerService: Found /data/user/0 with serial number 0
01-01 09:36:37.236   472   486 V UserManagerService: Found /data/system_ce/0 with serial number 0
01-01 09:36:37.237   472   486 V PackageManager: reconcileAppsData for null u0 0x2
01-01 09:36:37.747   472   493 W WindowManager: App freeze timeout expired.
01-01 09:36:38.044   472   486 V PackageManager: reconcileAppsData finished 79 packages
01-01 09:36:38.045   472   486 E WindowManager: whp==============0
01-01 09:36:38.057   472   472 V WiredAccessoryManager: init()
01-01 09:36:38.061   472   486 E WindowManager: whp==============0
01-01 09:36:38.065   472   486 D BluetoothManagerService: User 0 unlocked
01-01 09:36:38.066   472   492 D BluetoothManagerService: MESSAGE_USER_UNLOCKED
01-01 09:36:38.066   472   486 D MountService: onUnlockUser 0
01-01 09:36:38.066   472   486 D VoldConnector: SND -> {6 volume user_started 0}
01-01 09:36:38.068   154   163 D vold    : Linking /storage/emulated/0 to /mnt/user/0/primary
01-01 09:36:38.069   472   520 D VoldConnector: RCV <- {200 6 Command succeeded}
01-01 09:36:38.072   472   519 D MountService: Volume emulated broadcasting mounted to UserHandle{0}
01-01 09:36:38.166   472   487 W WindowManager: Keyguard drawn timeout. Setting mKeyguardDrawComplete
01-01 09:36:38.271   472   472 E WindowManager: whp==============0
01-01 09:36:38.301   472   779 I ActivityManager: Start proc 789:com.android.keychain/1000 for service com.android.keychain/.KeyChainService
01-01 09:36:38.308   472   486 V BackupManagerService: No ancestral data
01-01 09:36:38.345   472   486 V BackupManagerService: Starting with transport com.google.android.gms/.backup.BackupTransportService
01-01 09:36:38.345   472   486 V BackupManagerService: Found transports: 2
01-01 09:36:38.401   472   486 I ActivityManager: Start proc 804:com.google.android.gms.persistent/u0a9 for service com.google.android.gms/.backup.BackupTransportService
01-01 09:36:38.403   472   486 I BackupManagerService: Backup enabled => true
01-01 09:36:38.563   472   489 E BatteryStatsService: no controller energy info supplied
01-01 09:36:38.591   472   489 E BatteryStatsService: no controller energy info supplied
01-01 09:36:38.871   472   532 D ConnectivityService: Got NetworkFactory Messenger for WIFI
01-01 09:36:38.871   472   532 D ConnectivityService: NetworkFactory connected
01-01 09:36:38.872   472   532 D ConnectivityService: Got NetworkFactory Messenger for WIFI_UT
01-01 09:36:38.872   472   532 D ConnectivityService: NetworkFactory connected
01-01 09:36:38.894   472   472 I ActivityManager: Start proc 840:android.rockchip.update.service/1000 for broadcast android.rockchip.update.service/.RKUpdateReceiver
01-01 09:36:38.945   472   472 V BackupManagerService: Connected to transport ComponentInfo{android/com.android.internal.backup.LocalTransportService}
01-01 09:36:38.945   472   472 V BackupManagerService: Registering transport android/com.android.internal.backup.LocalTransportService::android/com.android.internal.backup.LocalTransport = android.app.backup.BackupTransport$TransportImpl@3eabe81
01-01 09:36:39.019   472   486 V KeyValueBackupJob: Scheduling k/v pass in 242 minutes
01-01 09:36:39.474   472   759 W WindowManager: animateResizePinnedStack: stackId 4 not found.
01-01 09:36:39.562   472   483 I ActivityManager: Start proc 881:android.process.media/u0a6 for broadcast com.android.providers.downloads/.DownloadReceiver
01-01 09:36:39.645   472   486 I ActivityManager: Start proc 897:com.google.android.googlequicksearchbox:interactor/u0a22 for service com.google.android.googlequicksearchbox/com.google.android.voiceinteraction.GsaVoiceInteractionService
01-01 09:36:39.649   472   486 I ActivityManager: Loading recents for user 0 into memory.
01-01 09:36:39.693   472   486 I ActivityManager: Start proc 914:com.example.changeled/1000 for added application com.example.changeled
01-01 09:36:39.718   472   486 I ActivityManager: Start proc 926:com.android.inputmethod.latin/u0a43 for added application com.android.inputmethod.latin
01-01 09:36:39.739   472   486 D ActivityManager: Sending BOOT_COMPLETE user #0
01-01 09:36:39.835   472   505 I ActivityManager: Killing 789:com.android.keychain/1000 (adj 906): empty #4
01-01 09:36:39.836   472   505 W ActivityManager: Slow operation: 63ms so far, now at attachApplicationLocked: after updateOomAdjLocked
01-01 09:36:39.876   472   759 I ActivityManager: START u0 {act=android.intent.action.MAIN cat=[android.intent.category.HOME] flg=0x10000100 cmp=com.google.android.setupwizard/.SetupWizardActivity} from uid 0 on display 0
01-01 09:36:39.897   472   781 I BackupManagerService: Found stale backup journal, scheduling
01-01 09:36:39.926   472   759 I ActivityManager: Start proc 960:com.google.android.setupwizard/u0a17 for activity com.google.android.setupwizard/.SetupWizardActivity
01-01 09:36:39.947   472   956 W ActivityManager: Application dead when creating service ServiceRecord{3c246b3 u0 com.android.keychain/.KeyChainService}
01-01 09:36:39.948   472   956 D ActivityManager: cleanUpApplicationRecord -- 789
01-01 09:36:39.948   472   956 W ActivityManager: Scheduling restart of crashed service com.android.keychain/.KeyChainService in 1000ms
01-01 09:36:39.949   472   956 W ActivityManager: Scheduling restart of crashed service com.android.keychain/.KeyChainService in 4000ms
01-01 09:36:40.011   472   956 W ActivityManager: Exception when starting service com.android.keychain/.KeyChainService
01-01 09:36:40.011   472   956 W ActivityManager: android.os.DeadObjectException: Transaction failed on small parcel; remote process probably died
01-01 09:36:40.011   472   956 W ActivityManager:       at android.os.BinderProxy.transactNative(Native Method)
01-01 09:36:40.011   472   956 W ActivityManager:       at android.os.BinderProxy.transact(Binder.java:615)
01-01 09:36:40.011   472   956 W ActivityManager:       at android.app.ApplicationThreadProxy.scheduleCreateService(ApplicationThreadNative.java:988)
01-01 09:36:40.011   472   956 W ActivityManager:       at com.android.server.am.ActiveServices.realStartServiceLocked(ActiveServices.java:1837)
01-01 09:36:40.011   472   956 W ActivityManager:       at com.android.server.am.ActiveServices.bringUpServiceLocked(ActiveServices.java:1740)
01-01 09:36:40.011   472   956 W ActivityManager:       at com.android.server.am.ActiveServices.bindServiceLocked(ActiveServices.java:1066)
01-01 09:36:40.011   472   956 W ActivityManager:       at com.android.server.am.ActivityManagerService.bindService(ActivityManagerService.java:17544)
01-01 09:36:40.011   472   956 W ActivityManager:       at android.app.ContextImpl.bindServiceCommon(ContextImpl.java:1463)
01-01 09:36:40.011   472   956 W ActivityManager:       at android.app.ContextImpl.bindServiceAsUser(ContextImpl.java:1430)
01-01 09:36:40.011   472   956 W ActivityManager:       at android.security.KeyChain.bindAsUser(KeyChain.java:599)
01-01 09:36:40.011   472   956 W ActivityManager:       at com.android.server.devicepolicy.DevicePolicyManagerService$MonitoringCertNotificationTask.getInstalledCaCertificates(DevicePolicyManagerService.java:2881)
01-01 09:36:40.011   472   956 W ActivityManager:       at com.android.server.devicepolicy.DevicePolicyManagerService$MonitoringCertNotificationTask.manageNotification(DevicePolicyManagerService.java:2802)
01-01 09:36:40.011   472   956 W ActivityManager:       at com.android.server.devicepolicy.DevicePolicyManagerService$MonitoringCertNotificationTask.doInBackground(DevicePolicyManagerService.java:2789)
01-01 09:36:40.011   472   956 W ActivityManager:       at com.android.server.devicepolicy.DevicePolicyManagerService$MonitoringCertNotificationTask.doInBackground(DevicePolicyManagerService.java:2781)
01-01 09:36:40.011   472   956 W ActivityManager:       at android.os.AsyncTask$2.call(AsyncTask.java:305)
01-01 09:36:40.011   472   956 W ActivityManager:       at java.util.concurrent.FutureTask.run(FutureTask.java:237)
01-01 09:36:40.011   472   956 W ActivityManager:       at android.os.AsyncTask$SerialExecutor$1.run(AsyncTask.java:243)
01-01 09:36:40.011   472   956 W ActivityManager:       at java.util.concurrent.ThreadPoolExecutor.runWorker(ThreadPoolExecutor.java:1133)
01-01 09:36:40.011   472   956 W ActivityManager:       at java.util.concurrent.ThreadPoolExecutor$Worker.run(ThreadPoolExecutor.java:607)
01-01 09:36:40.011   472   956 W ActivityManager:       at java.lang.Thread.run(Thread.java:761)
01-01 09:36:40.042   472   940 I StatusBarManagerService: registerStatusBar bar=com.android.internal.statusbar.IStatusBar$Stub$Proxy@58c3e9
01-01 09:36:40.878   472   505 I ActivityManager: Start proc 988:com.google.process.gapps/u0a9 for content provider com.google.android.gsf/.gservices.GservicesProvider
01-01 09:36:41.283   472   751 D ConnectivityService: listenForNetwork for uid/pid:10017/960 NetworkRequest [ LISTEN id=4, [ Capabilities: INTERNET&NOT_RESTRICTED&TRUSTED&NOT_VPN&CAPTIVE_PORTAL] ]
01-01 09:36:41.285   472   940 D ConnectivityService: listenForNetwork for uid/pid:10017/960 NetworkRequest [ LISTEN id=5, [ Capabilities: INTERNET&NOT_RESTRICTED&TRUSTED&NOT_VPN&VALIDATED] ]
01-01 09:36:42.084   472   940 I ActivityManager: START u0 {act=com.android.setupwizard.WELCOME flg=0x4000000 cmp=com.google.android.setupwizard/.user.WelcomeActivity (has extras)} from uid 10017 on display 0
01-01 09:36:42.118   472   484 I ActivityManager: Start proc 1030:com.google.android.googlequicksearchbox:search/u0a22 for service com.google.android.googlequicksearchbox/com.google.android.hotword.service.HotwordService
01-01 09:36:42.798   472   751 I ActivityManager: Start proc 1063:com.estrongs.android.pop/u0a32 for broadcast com.estrongs.android.pop/.EnableOEMConfig
01-01 09:36:42.865   472   751 D ConnectivityService: listenForNetwork for uid/pid:10020/565 NetworkRequest [ LISTEN id=6, [] ]
01-01 09:36:43.282   565  1100 E ActivityThread: Failed to find provider info for com.android.contacts
01-01 09:36:43.839   472   484 I ActivityManager: Start proc 1102:com.google.android.gms/u0a9 for content provider com.google.android.gms/.chimera.container.GmsModuleProvider
01-01 09:36:43.979   472   486 I ActivityManager: Start proc 1120:com.android.keychain/1000 for service com.android.keychain/.KeyChainService
01-01 09:36:43.980   472   526 D WifiService: New client listening to asynchronous messages
01-01 09:36:45.135   472   505 I ActivityManager: START u0 {act=com.android.wizard.NEXT cmp=com.google.android.setupwizard/.WizardManagerActivity (has extras)} from uid 10017 on display 0
01-01 09:36:45.228   472   759 I ActivityManager: Start proc 1148:com.svox.pico/u0a52 for service com.svox.pico/.PicoService
01-01 09:36:45.268   472   940 I ActivityManager: Config changes=4 {1.0 ?mcc?mnc [en_US] ldltr sw640dp w1152dp h568dp 120dpi lrg long land -touch -keyb/v/h dpad/v s.5}
01-01 09:36:45.270   472   486 D CryptdConnector: SND -> {4 cryptfs setfield SystemLocale en-US}
01-01 09:36:45.271   472   521 D CryptdConnector: RCV <- {200 4 0}
01-01 09:36:45.343   472   486 I ActivityManager: Start proc 1165:com.amazon.avod.thirdpartyclient/u0a24 for broadcast com.amazon.avod.thirdpartyclient/com.amazon.avod.locale.LocaleChangedBroadcastReceiver
01-01 09:36:45.489   472   505 W WindowManager: animateResizePinnedStack: stackId 4 not found.
01-01 09:36:45.571   472   942 I ActivityManager: START u0 {act=com.android.setupwizard.SIM_MISSING flg=0x4000000 cmp=com.google.android.setupwizard/.carrier.SimMissingActivity (has extras)} from uid 10017 on display 0
01-01 09:36:45.613   897   897 W KeyphraseEnrollmentInfo: No Enrollment application supports the given keyphrase/locale
01-01 09:36:45.784   472   505 I ActivityManager: START u0 {act=com.android.wizard.NEXT cmp=com.google.android.setupwizard/.WizardManagerActivity (has extras)} from uid 10017 on display 0
01-01 09:36:45.851   472  1021 I ActivityManager: START u0 {act=com.android.setupwizard.CARRIER_SETUP flg=0x4000000 cmp=com.google.android.setupwizard/.carrier.CarrierSetupWrapper (has extras)} from uid 10017 on display 0
01-01 09:36:45.914   472   942 I ActivityManager: START u0 {act=android.intent.action.ACTION_CARRIER_SETUP flg=0x2000000 pkg=com.google.android.setupwizard (has extras)} from uid 10017 on display 0
01-01 09:36:45.919   472   940 I ActivityManager: START u0 {act=com.android.wizard.NEXT cmp=com.google.android.setupwizard/.WizardManagerActivity (has extras)} from uid 10017 on display 0
01-01 09:36:46.234   472   483 I ActivityManager: START u0 {act=com.android.setupwizard.BACKGROUND_ACTIVATION flg=0x4000000 cmp=com.google.android.setupwizard/.carrier.BackgroundActivationActivity (has extras)} from uid 10017 on display 0
01-01 09:36:46.300   472   940 I ActivityManager: START u0 {act=com.android.wizard.NEXT cmp=com.google.android.setupwizard/.WizardManagerActivity (has extras)} from uid 10017 on display 0
01-01 09:36:46.344   472   940 I ActivityManager: START u0 {act=com.android.setupwizard.SIM_SETUP flg=0x4000000 cmp=com.google.android.setupwizard/.carrier.SimSetupActivity (has extras)} from uid 10017 on display 0
01-01 09:36:46.390   472   751 I ActivityManager: START u0 {act=com.android.wizard.NEXT cmp=com.google.android.setupwiza[r d/.WizardM an80a4g.5e248rA4t9i]v irtky (has extras)} fro31m2 x-uild cd1c0 0l1c7dc0:  owni nd0i:snpelwa_y 0
ge-01 09:36:46.4a44   4d7d2r : 0x1032a0 070 c5ur1_ aId drA:0xc1t0i1v9i5t0y00M-a-n1a
  r: START u0 {act=com.google.android.setupwizard.DEVICE_OWNER_WARNING flg=0x4000000 cmp=com.google.android.setupwizard/.user.DeviceOwnerWarningActivity (has extras)} from uid 10017 on display 0
01-01 09:36:46.516   472   940 I ActivityManager: START u0 {act=com.android.wizard.NEXT cmp=com.google.android.setupwizard/.WizardManagerActivity (has extras)} from uid 10017 on display 0
01-01 09:36:46.567   472   505 I ActivityManager: START u0 {act=com.google.android.setupwizard.CHECK_FRP flg=0x4000000 cmp=com.google.android.setupwizard/.account.CheckFrp (has extras)} from uid 10017 on display 0
01-01 09:36:46.958   472  1021 W ActivityManager: Permission Denial: getCurrentUser() from pid=1165, uid=10024 requires android.permission.INTERACT_ACROSS_USERS
01-01 09:36:47.109   472   484 I ActivityManager: Start proc 1219:com.google.android.partnersetup/u0a12 for content provider com.google.android.partnersetup/.RlzAppProvider
01-01 09:36:47.264   472   472 V BackupManagerService: Connected to transport ComponentInfo{com.google.android.gms/com.google.android.gms.backup.BackupTransportService}
01-01 09:36:47.266   472   472 V BackupManagerService: Registering transport com.google.android.gms/.backup.BackupTransportService::com.google.android.gms/.backup.BackupTransportService = com.android.internal.backup.IBackupTransport$Stub$Proxy@15dcfb5
01-01 09:36:50.172   472   484 I ActivityManager: START u0 {act=com.android.wizard.NEXT cmp=com.google.android.setupwizard/.WizardManagerActivity (has extras)} from uid 10017 on display 0
01-01 09:36:50.253   472   751 I ActivityManager: START u0 {act=com.android.setupwizard.FLOW_CHOICE flg=0x4000000 cmp=com.google.android.setupwizard/.user.FlowChoiceActivity (has extras)} from uid 10017 on display 0
01-01 09:36:50.630   472   527 D ConnectivityService: registerNetworkAgent NetworkAgentInfo{ ni{[type: WIFI[], state: CONNECTING/CONNECTING, reason: (unspecified), extra: "ZJSC24", failover: false, available: true, roaming: false, metered: false]}  network{100}  nethandle{429513165534}  lp{{LinkAddresses: []  Routes: [] DnsAddresses: [] Domains: null MTU: 0}}  nc{[ Transports: WIFI Capabilities: NOT_METERED&INTERNET&NOT_RESTRICTED&TRUSTED&NOT_VPN LinkUpBandwidth>=1048576Kbps LinkDnBandwidth>=1048576Kbps]}  Score{20}  everValidated{false}  lastValidated{false}  created{false} lingering{false} explicitlySelected{false} acceptUnvalidated{false} everCaptivePortalDetected{false} lastCaptivePortalDetected{false} }
01-01 09:36:50.631   472   532 D ConnectivityService: Got NetworkAgent Messenger
01-01 09:36:50.631   472   532 D ConnectivityService: NetworkAgentInfo [WIFI () - 100] EVENT_NETWORK_INFO_CHANGED, going from null to CONNECTING
01-01 09:36:50.631   472   532 D ConnectivityService: NetworkAgent connected
01-01 09:36:50.805   472   532 D ConnectivityService: ignoring duplicate network state non-change
01-01 09:36:50.808   472   532 D ConnectivityService: notifyType CAP_CHANGED for NetworkAgentInfo [WIFI () - 100]
01-01 09:36:50.809   472   532 D ConnectivityService: updateNetworkScore for NetworkAgentInfo [WIFI () - 100] to 60
01-01 09:36:50.818   472   532 D ConnectivityService: Update of LinkProperties for NetworkAgentInfo [WIFI () - 100]; created=false; everConnected=false
01-01 09:36:51.440   472   751 I ActivityManager: Start proc 1327:com.estrongs.android.pop:local/u0a32 for service com.estrongs.android.pop/com.android.apps.pros.LocalCService
01-01 09:36:52.104   472   472 I ActivityManager: Start proc 1374:com.android.settings/1000 for broadcast com.android.settings/.HdmiReceiver
01-01 09:36:52.111   472   483 E SchedPolicy: set_timerslack_ns prctl failed: Invalid argument
01-01 09:36:52.112   472  1372 I BootReceiver: Copying /proc/last_kmsg to DropBox (SYSTEM_LAST_KMSG)
01-01 09:36:52.234   472  1372 I BootReceiver: Copying audit failures to DropBox
01-01 09:36:52.253   472  1372 I BootReceiver: Copied 0 worth of audits to DropBox
01-01 09:36:52.268   472  1372 I BootReceiver: Checking for fsck errors
01-01 09:36:52.977   472   532 D ConnectivityService: Update of LinkProperties for NetworkAgentInfo [WIFI () - 100]; created=false; everConnected=false
01-01 09:36:52.985   472   532 D ConnectivityService: Update of LinkProperties for NetworkAgentInfo [WIFI () - 100]; created=false; everConnected=false
01-01 09:36:52.988   472   532 D ConnectivityService: NetworkAgentInfo [WIFI () - 100] EVENT_NETWORK_INFO_CHANGED, going from CONNECTING to CONNECTED
01-01 09:36:52.990   472   532 D ConnectivityService: Adding iface wlan0 to network 100
01-01 09:36:53.109   472   940 I ActivityManager: Start proc 1404:com.hpplay.happyplay.aw/u0a42 for broadcast com.hpplay.happyplay.aw/.BootReceiver
01-01 09:36:53.118   472   532 D ConnectivityService: Adding Route [fe80::/64 -> :: wlan0] to network 100
01-01 09:36:53.120   472   532 D ConnectivityService: Adding Route [192.168.1.0/24 -> 0.0.0.0 wlan0] to network 100
01-01 09:36:53.123   472   532 D ConnectivityService: Adding Route [0.0.0.0/0 -> 192.168.1.1 wlan0] to network 100
01-01 09:36:53.126   472   532 D ConnectivityService: Setting DNS servers for network 100 to [/192.168.1.1]
01-01 09:36:53.139   472   532 D ConnectivityService: notifyType IP_CHANGED for NetworkAgentInfo [WIFI () - 100]
01-01 09:36:53.148   472   532 D ConnectivityService: scheduleUnvalidatedPrompt 100
01-01 09:36:53.148   472   532 D ConnectivityService: updateSignalStrengthThresholds: CONNECT, sending [] to NetworkAgentInfo [WIFI () - 100]
01-01 09:36:53.149   472   532 D ConnectivityService: rematching NetworkAgentInfo [WIFI () - 100]
01-01 09:36:53.150   472   532 D ConnectivityService:  network has: [ Transports: WIFI Capabilities: NOT_METERED&INTERNET&NOT_RESTRICTED&TRUSTED&NOT_VPN&FOREGROUND LinkUpBandwidth>=1048576Kbps LinkDnBandwidth>=1048576Kbps SignalStrength: -51]
01-01 09:36:53.150   472   532 D ConnectivityService:   checking if request is satisfied: NetworkRequest [ REQUEST id=1, [ Capabilities: INTERNET&NOT_RESTRICTED&TRUSTED&NOT_VPN] ]
01-01 09:36:53.150   472   532 D ConnectivityService: currentScore = 0, newScore = 20
01-01 09:36:53.151   472   532 D ConnectivityService: rematch for NetworkAgentInfo [WIFI () - 100]
01-01 09:36:53.151   472   532 D ConnectivityService:    accepting network in place of null
01-01 09:36:53.151   472   532 D ConnectivityService: sending new Min Network Score(20): NetworkRequest [ REQUEST id=1, [ Capabilities: INTERNET&NOT_RESTRICTED&TRUSTED&NOT_VPN] ]
01-01 09:36:53.154   472   532 D ConnectivityService: Switching to new default network: NetworkAgentInfo{ ni{[type: WIFI[], state: CONNECTED/CONNECTED, reason: (unspecified), extra: "ZJSC24", failover: false, available: true, roaming: false, metered: false]}  network{100}  nethandle{429513165534}  lp{{InterfaceName: wlan0 LinkAddresses: [fe80::825e:4fff:fecb:43a/64,192.168.1.137/24,]  Routes: [fe80::/64 -> :: wlan0,192.168.1.0/24 -> 0.0.0.0 wlan0,0.0.0.0/0 -> 192.168.1.1 wlan0,] DnsAddresses: [192.168.1.1,] Domains: www.tendawifi.com MTU: 0 TcpBufferSizes: 524288,1048576,2097152,262144,524288,1048576}}  nc{[ Transports: WIFI Capabilities: NOT_METERED&INTERNET&NOT_RESTRICTED&TRUSTED&NOT_VPN&FOREGROUND LinkUpBandwidth>=1048576Kbps LinkDnBandwidth>=1048576Kbps SignalStrength: -51]}  Score{20}  everValidated{false}  lastValidated{false}  created{true} lingering{false} explicitlySelected{false} acceptUnvalidated{false} everCaptivePortalDetected{false} lastCaptivePortalDetected{false} }
01-01 09:36:53.244   472   489 E BatteryStatsService: no controller energy info supplied
01-01 09:36:53.245   472   532 D ConnectivityService: Setting tx/rx TCP buffers to 524288,1048576,2097152,262144,524288,1048576
01-01 09:36:53.254   472   532 D ConnectivityService: sending notification AVAILABLE for NetworkRequest [ LISTEN id=6, [] ]
01-01 09:36:53.254   472   532 D ConnectivityService: sending notification AVAILABLE for NetworkRequest [ LISTEN id=3, [] ]
01-01 09:36:53.256   472   532 D ConnectivityService: Sending CONNECTED broadcast for type 1 NetworkAgentInfo [WIFI () - 100] isDefaultNetwork=true
01-01 09:36:53.256   472   532 D ConnectivityService: sendStickyBroadcast: action=android.net.conn.CONNECTIVITY_CHANGE
01-01 09:36:53.258   472   532 D ConnectivityService: notifyType PRECHECK for NetworkAgentInfo [WIFI () - 100]
01-01 09:36:53.266   472   532 D ConnectivityService:  sending notification for NetworkRequest [ REQUEST id=1, [ Capabilities: INTERNET&NOT_RESTRICTED&TRUSTED&NOT_VPN] ]
01-01 09:36:53.266   472   532 D ConnectivityService:  sending notification for NetworkRequest [ LISTEN id=3, [] ]
01-01 09:36:53.266   472   532 D ConnectivityService: sending notification PRECHECK for NetworkRequest [ LISTEN id=3, [] ]
01-01 09:36:53.266   472   532 D ConnectivityService:  sending notification for NetworkRequest [ LISTEN id=6, [] ]
01-01 09:36:53.266   472   532 D ConnectivityService: sending notification PRECHECK for NetworkRequest [ LISTEN id=6, [] ]
01-01 09:36:53.269   472   532 D ConnectivityService: NetworkAgentInfo [WIFI () - 100] validation passed
01-01 09:36:53.269   472   532 D ConnectivityService: rematching NetworkAgentInfo [WIFI () - 100]
01-01 09:36:53.270   472   532 D ConnectivityService:  network has: [ Transports: WIFI Capabilities: NOT_METERED&INTERNET&NOT_RESTRICTED&TRUSTED&NOT_VPN&VALIDATED&FOREGROUND LinkUpBandwidth>=1048576Kbps LinkDnBandwidth>=1048576Kbps SignalStrength: -51]
01-01 09:36:53.270   472   532 D ConnectivityService: Network NetworkAgentInfo [WIFI () - 100] was already satisfying request 1. No change.
01-01 09:36:53.[27  080   54.732 6  1533027 ]D  rkC312oxnnectivitySer-lvicec:d cs lcending notdificcati0o:n  wAiVnA0I:LnAeBwL_Eaddr:0x f1o032ar0 0N0etwor kcRuerq_uesta d[d rL:I0SxT1E0N1 9i5d0=050,- -[ 1
Capabilities: INTERNET&NOT_RESTRICTED&TRUSTED&NOT_VPN&VALIDATED] ]
01-01 09:36:53.271   472   532 D ConnectivityService: notifyType CAP_CHANGED for NetworkAgentInfo [WIFI () - 100]
01-01 09:36:53.272   472   532 D ConnectivityService:  sending notification for NetworkRequest [ REQUEST id=1, [ Capabilities: INTERNET&NOT_RESTRICTED&TRUSTED&NOT_VPN] ]
01-01 09:36:53.272   472   532 D ConnectivityService:  sending notification for NetworkRequest [ LISTEN id=3, [] ]
01-01 09:36:53.272   472   532 D ConnectivityService: sending notification CAP_CHANGED for NetworkRequest [ LISTEN id=3, [] ]
01-01 09:36:53.272   472   532 D ConnectivityService:  sending notification for NetworkRequest [ LISTEN id=5, [ Capabilities: INTERNET&NOT_RESTRICTED&TRUSTED&NOT_VPN&VALIDATED] ]
01-01 09:36:53.272   472   532 D ConnectivityService: sending notification CAP_CHANGED for NetworkRequest [ LISTEN id=5, [ Capabilities: INTERNET&NOT_RESTRICTED&TRUSTED&NOT_VPN&VALIDATED] ]
01-01 09:36:53.273   472   532 D ConnectivityService:  sending notification for NetworkRequest [ LISTEN id=6, [] ]
01-01 09:36:53.273   472   532 D ConnectivityService: sending notification CAP_CHANGED for NetworkRequest [ LISTEN id=6, [] ]
01-01 09:36:53.273   472   532 D ConnectivityService: sending new Min Network Score(60): NetworkRequest [ REQUEST id=1, [ Capabilities: INTERNET&NOT_RESTRICTED&TRUSTED&NOT_VPN] ]
01-01 09:36:53.274   472   532 D ConnectivityService: sendStickyBroadcast: action=android.net.conn.INET_CONDITION_ACTION
01-01 09:36:53.667   472   759 D ConnectivityService: listenForNetwork for uid/pid:10024/1165 NetworkRequest [ LISTEN id=7, [ Capabilities: INTERNET&NOT_RESTRICTED&TRUSTED] ]
01-01 09:36:53.668   472   532 D ConnectivityService: rematching NetworkAgentInfo [WIFI () - 100]
01-01 09:36:53.668   472   532 D ConnectivityService:  network has: [ Transports: WIFI Capabilities: NOT_METERED&INTERNET&NOT_RESTRICTED&TRUSTED&NOT_VPN&VALIDATED&FOREGROUND LinkUpBandwidth>=1048576Kbps LinkDnBandwidth>=1048576Kbps SignalStrength: -51]
01-01 09:36:53.668   472   532 D ConnectivityService: Network NetworkAgentInfo [WIFI () - 100] was already satisfying request 1. No change.
01-01 09:36:53.669   472   532 D ConnectivityService: sending notification AVAILABLE for NetworkRequest [ LISTEN id=7, [ Capabilities: INTERNET&NOT_RESTRICTED&TRUSTED] ]
01-01 09:36:54.206   472   940 I ActivityManager: Start proc 1477:com.hpplay.happyplay.aw:remote/u0a42 for service com.hpplay.happyplay.aw/.app.RemoteService
01-01 09:36:54.244   840   840 W ContextImpl: Calling a method in the system process without a qualified user: android.app.ContextImpl.startService:1357 android.content.ContextW
